../Drivers/STM32F4xx_HAL_Driver/Inc/stm32f4xx_ll_usart.h:1770:26:LL_USART_IsActiveFlag_ORE	16	static
../Drivers/STM32F4xx_HAL_Driver/Inc/stm32f4xx_ll_usart.h:1781:26:LL_USART_IsActiveFlag_IDLE	16	static
../Drivers/STM32F4xx_HAL_Driver/Inc/stm32f4xx_ll_usart.h:1934:22:LL_USART_ClearFlag_ORE	24	static
../Drivers/STM32F4xx_HAL_Driver/Inc/stm32f4xx_ll_usart.h:1953:22:LL_USART_ClearFlag_IDLE	24	static
../Drivers/STM32F4xx_HAL_Driver/Inc/stm32f4xx_ll_dma.h:494:22:LL_DMA_EnableStream	16	static
../Drivers/STM32F4xx_HAL_Driver/Inc/stm32f4xx_ll_dma.h:514:22:LL_DMA_DisableStream	16	static
../Drivers/STM32F4xx_HAL_Driver/Inc/stm32f4xx_ll_dma.h:968:22:LL_DMA_SetDataLength	24	static
../Drivers/STM32F4xx_HAL_Driver/Inc/stm32f4xx_ll_dma.h:990:26:LL_DMA_GetDataLength	16	static
../Core/Src/stm32f4xx_it.c:73:6:NMI_Handler	4	static
../Core/Src/stm32f4xx_it.c:88:6:HardFault_Handler	4	static
../Core/Src/stm32f4xx_it.c:103:6:MemManage_Handler	4	static
../Core/Src/stm32f4xx_it.c:118:6:BusFault_Handler	4	static
../Core/Src/stm32f4xx_it.c:133:6:UsageFault_Handler	4	static
../Core/Src/stm32f4xx_it.c:148:6:SVC_Handler	4	static
../Core/Src/stm32f4xx_it.c:161:6:DebugMon_Handler	4	static
../Core/Src/stm32f4xx_it.c:174:6:PendSV_Handler	4	static
../Core/Src/stm32f4xx_it.c:187:6:SysTick_Handler	8	static
../Core/Src/stm32f4xx_it.c:208:6:ADC_IRQHandler	8	static
../Core/Src/stm32f4xx_it.c:222:6:USART1_IRQHandler	16	static
../Core/Src/stm32f4xx_it.c:247:6:TIM8_UP_TIM13_IRQHandler	8	static
../Core/Src/stm32f4xx_it.c:261:6:TIM6_DAC_IRQHandler	8	static
../Core/Src/stm32f4xx_it.c:275:6:DMA2_Stream0_IRQHandler	8	static
../Core/Src/stm32f4xx_it.c:289:6:DMA2_Stream2_IRQHandler	4	static
