Archive member included to satisfy reference by file (symbol)

C:/ST/STM32CubeIDE_1.16.0/STM32CubeIDE/plugins/com.st.stm32cube.ide.mcu.externaltools.gnu-tools-for-stm32.12.3.rel1.win32_1.0.200.202406191623/tools/bin/../lib/gcc/arm-none-eabi/12.3.1/../../../../arm-none-eabi/lib/thumb/v7e-m+fp/hard\libc_nano.a(libc_a-exit.o)
                              C:/ST/STM32CubeIDE_1.16.0/STM32CubeIDE/plugins/com.st.stm32cube.ide.mcu.externaltools.gnu-tools-for-stm32.12.3.rel1.win32_1.0.200.202406191623/tools/bin/../lib/gcc/arm-none-eabi/12.3.1/../../../../arm-none-eabi/lib/thumb/v7e-m+fp/hard/crt0.o (exit)
C:/ST/STM32CubeIDE_1.16.0/STM32CubeIDE/plugins/com.st.stm32cube.ide.mcu.externaltools.gnu-tools-for-stm32.12.3.rel1.win32_1.0.200.202406191623/tools/bin/../lib/gcc/arm-none-eabi/12.3.1/../../../../arm-none-eabi/lib/thumb/v7e-m+fp/hard\libc_nano.a(libc_a-findfp.o)
                              C:/ST/STM32CubeIDE_1.16.0/STM32CubeIDE/plugins/com.st.stm32cube.ide.mcu.externaltools.gnu-tools-for-stm32.12.3.rel1.win32_1.0.200.202406191623/tools/bin/../lib/gcc/arm-none-eabi/12.3.1/../../../../arm-none-eabi/lib/thumb/v7e-m+fp/hard\libc_nano.a(libc_a-exit.o) (__stdio_exit_handler)
C:/ST/STM32CubeIDE_1.16.0/STM32CubeIDE/plugins/com.st.stm32cube.ide.mcu.externaltools.gnu-tools-for-stm32.12.3.rel1.win32_1.0.200.202406191623/tools/bin/../lib/gcc/arm-none-eabi/12.3.1/../../../../arm-none-eabi/lib/thumb/v7e-m+fp/hard\libc_nano.a(libc_a-fwalk.o)
                              C:/ST/STM32CubeIDE_1.16.0/STM32CubeIDE/plugins/com.st.stm32cube.ide.mcu.externaltools.gnu-tools-for-stm32.12.3.rel1.win32_1.0.200.202406191623/tools/bin/../lib/gcc/arm-none-eabi/12.3.1/../../../../arm-none-eabi/lib/thumb/v7e-m+fp/hard\libc_nano.a(libc_a-findfp.o) (_fwalk_sglue)
C:/ST/STM32CubeIDE_1.16.0/STM32CubeIDE/plugins/com.st.stm32cube.ide.mcu.externaltools.gnu-tools-for-stm32.12.3.rel1.win32_1.0.200.202406191623/tools/bin/../lib/gcc/arm-none-eabi/12.3.1/../../../../arm-none-eabi/lib/thumb/v7e-m+fp/hard\libc_nano.a(libc_a-stdio.o)
                              C:/ST/STM32CubeIDE_1.16.0/STM32CubeIDE/plugins/com.st.stm32cube.ide.mcu.externaltools.gnu-tools-for-stm32.12.3.rel1.win32_1.0.200.202406191623/tools/bin/../lib/gcc/arm-none-eabi/12.3.1/../../../../arm-none-eabi/lib/thumb/v7e-m+fp/hard\libc_nano.a(libc_a-findfp.o) (__sread)
C:/ST/STM32CubeIDE_1.16.0/STM32CubeIDE/plugins/com.st.stm32cube.ide.mcu.externaltools.gnu-tools-for-stm32.12.3.rel1.win32_1.0.200.202406191623/tools/bin/../lib/gcc/arm-none-eabi/12.3.1/../../../../arm-none-eabi/lib/thumb/v7e-m+fp/hard\libc_nano.a(libc_a-memset.o)
                              C:/ST/STM32CubeIDE_1.16.0/STM32CubeIDE/plugins/com.st.stm32cube.ide.mcu.externaltools.gnu-tools-for-stm32.12.3.rel1.win32_1.0.200.202406191623/tools/bin/../lib/gcc/arm-none-eabi/12.3.1/../../../../arm-none-eabi/lib/thumb/v7e-m+fp/hard/crt0.o (memset)
C:/ST/STM32CubeIDE_1.16.0/STM32CubeIDE/plugins/com.st.stm32cube.ide.mcu.externaltools.gnu-tools-for-stm32.12.3.rel1.win32_1.0.200.202406191623/tools/bin/../lib/gcc/arm-none-eabi/12.3.1/../../../../arm-none-eabi/lib/thumb/v7e-m+fp/hard\libc_nano.a(libc_a-closer.o)
                              C:/ST/STM32CubeIDE_1.16.0/STM32CubeIDE/plugins/com.st.stm32cube.ide.mcu.externaltools.gnu-tools-for-stm32.12.3.rel1.win32_1.0.200.202406191623/tools/bin/../lib/gcc/arm-none-eabi/12.3.1/../../../../arm-none-eabi/lib/thumb/v7e-m+fp/hard\libc_nano.a(libc_a-stdio.o) (_close_r)
C:/ST/STM32CubeIDE_1.16.0/STM32CubeIDE/plugins/com.st.stm32cube.ide.mcu.externaltools.gnu-tools-for-stm32.12.3.rel1.win32_1.0.200.202406191623/tools/bin/../lib/gcc/arm-none-eabi/12.3.1/../../../../arm-none-eabi/lib/thumb/v7e-m+fp/hard\libc_nano.a(libc_a-reent.o)
                              C:/ST/STM32CubeIDE_1.16.0/STM32CubeIDE/plugins/com.st.stm32cube.ide.mcu.externaltools.gnu-tools-for-stm32.12.3.rel1.win32_1.0.200.202406191623/tools/bin/../lib/gcc/arm-none-eabi/12.3.1/../../../../arm-none-eabi/lib/thumb/v7e-m+fp/hard\libc_nano.a(libc_a-closer.o) (errno)
C:/ST/STM32CubeIDE_1.16.0/STM32CubeIDE/plugins/com.st.stm32cube.ide.mcu.externaltools.gnu-tools-for-stm32.12.3.rel1.win32_1.0.200.202406191623/tools/bin/../lib/gcc/arm-none-eabi/12.3.1/../../../../arm-none-eabi/lib/thumb/v7e-m+fp/hard\libc_nano.a(libc_a-impure.o)
                              C:/ST/STM32CubeIDE_1.16.0/STM32CubeIDE/plugins/com.st.stm32cube.ide.mcu.externaltools.gnu-tools-for-stm32.12.3.rel1.win32_1.0.200.202406191623/tools/bin/../lib/gcc/arm-none-eabi/12.3.1/../../../../arm-none-eabi/lib/thumb/v7e-m+fp/hard\libc_nano.a(libc_a-reent.o) (_impure_ptr)
C:/ST/STM32CubeIDE_1.16.0/STM32CubeIDE/plugins/com.st.stm32cube.ide.mcu.externaltools.gnu-tools-for-stm32.12.3.rel1.win32_1.0.200.202406191623/tools/bin/../lib/gcc/arm-none-eabi/12.3.1/../../../../arm-none-eabi/lib/thumb/v7e-m+fp/hard\libc_nano.a(libc_a-lseekr.o)
[...]
Memory Configuration

Name             Origin             Length             Attributes
RAM              0x20000000         0x00020000         xrw
FLASH            0x08000000         0x00080000         xr
*default*        0x00000000         0xffffffff

Linker script and memory map

LOAD C:/ST/STM32CubeIDE_1.16.0/STM32CubeIDE/plugins/com.st.stm32cube.ide.mcu.externaltools.gnu-tools-for-stm32.12.3.rel1.win32_1.0.200.202406191623/tools/bin/../lib/gcc/arm-none-eabi/12.3.1/thumb/v7e-m+fp/hard/crti.o
LOAD C:/ST/STM32CubeIDE_1.16.0/STM32CubeIDE/plugins/com.st.stm32cube.ide.mcu.externaltools.gnu-tools-for-stm32.12.3.rel1.win32_1.0.200.202406191623/tools/bin/../lib/gcc/arm-none-eabi/12.3.1/thumb/v7e-m+fp/hard/crtbegin.o
LOAD C:/ST/STM32CubeIDE_1.16.0/STM32CubeIDE/plugins/com.st.stm32cube.ide.mcu.externaltools.gnu-tools-for-stm32.12.3.rel1.win32_1.0.200.202406191623/tools/bin/../lib/gcc/arm-none-eabi/12.3.1/../../../../arm-none-eabi/lib/thumb/v7e-m+fp/hard/crt0.o
LOAD ./Core/Src/adc.o
LOAD ./Core/Src/dma.o
LOAD ./Core/Src/gpio.o
LOAD ./Core/Src/main.o
LOAD ./Core/Src/stm32f4xx_hal_msp.o
LOAD ./Core/Src/stm32f4xx_it.o
LOAD ./Core/Src/syscalls.o
LOAD ./Core/Src/sysmem.o
LOAD ./Core/Src/system_stm32f4xx.o
LOAD ./Core/Src/tim.o
LOAD ./Core/Src/usart.o
LOAD ./Core/Startup/startup_stm32f446retx.o
LOAD ./Drivers/STM32F4xx_HAL_Driver/Src/stm32f4xx_hal.o
LOAD ./Drivers/STM32F4xx_HAL_Driver/Src/stm32f4xx_hal_adc.o
LOAD ./Drivers/STM32F4xx_HAL_Driver/Src/stm32f4xx_hal_adc_ex.o
LOAD ./Drivers/STM32F4xx_HAL_Driver/Src/stm32f4xx_hal_cortex.o
LOAD ./Drivers/STM32F4xx_HAL_Driver/Src/stm32f4xx_hal_dma.o
LOAD ./Drivers/STM32F4xx_HAL_Driver/Src/stm32f4xx_hal_dma_ex.o
LOAD ./Drivers/STM32F4xx_HAL_Driver/Src/stm32f4xx_hal_exti.o
LOAD ./Drivers/STM32F4xx_HAL_Driver/Src/stm32f4xx_hal_flash.o
LOAD ./Drivers/STM32F4xx_HAL_Driver/Src/stm32f4xx_hal_flash_ex.o
LOAD ./Drivers/STM32F4xx_HAL_Driver/Src/stm32f4xx_hal_flash_ramfunc.o
LOAD ./Drivers/STM32F4xx_HAL_Driver/Src/stm32f4xx_hal_gpio.o
LOAD ./Drivers/STM32F4xx_HAL_Driver/Src/stm32f4xx_hal_pwr.o
LOAD ./Drivers/STM32F4xx_HAL_Driver/Src/stm32f4xx_hal_pwr_ex.o
LOAD ./Drivers/STM32F4xx_HAL_Driver/Src/stm32f4xx_hal_rcc.o
LOAD ./Drivers/STM32F4xx_HAL_Driver/Src/stm32f4xx_hal_rcc_ex.o
LOAD ./Drivers/STM32F4xx_HAL_Driver/Src/stm32f4xx_hal_tim.o
LOAD ./Drivers/STM32F4xx_HAL_Driver/Src/stm32f4xx_hal_tim_ex.o
LOAD ./Drivers/STM32F4xx_HAL_Driver/Src/stm32f4xx_ll_adc.o
LOAD ./Drivers/STM32F4xx_HAL_Driver/Src/stm32f4xx_ll_dma.o
LOAD ./Drivers/STM32F4xx_HAL_Driver/Src/stm32f4xx_ll_exti.o
LOAD ./Drivers/STM32F4xx_HAL_Driver/Src/stm32f4xx_ll_gpio.o
LOAD ./Drivers/STM32F4xx_HAL_Driver/Src/stm32f4xx_ll_rcc.o
LOAD ./Drivers/STM32F4xx_HAL_Driver/Src/stm32f4xx_ll_usart.o
LOAD ./Drivers/STM32F4xx_HAL_Driver/Src/stm32f4xx_ll_utils.o
START GROUP
LOAD C:/ST/STM32CubeIDE_1.16.0/STM32CubeIDE/plugins/com.st.stm32cube.ide.mcu.externaltools.gnu-tools-for-stm32.12.3.rel1.win32_1.0.200.202406191623/tools/bin/../lib/gcc/arm-none-eabi/12.3.1/../../../../arm-none-eabi/lib/thumb/v7e-m+fp/hard\libc_nano.a
LOAD C:/ST/STM32CubeIDE_1.16.0/STM32CubeIDE/plugins/com.st.stm32cube.ide.mcu.externaltools.gnu-tools-for-stm32.12.3.rel1.win32_1.0.200.202406191623/tools/bin/../lib/gcc/arm-none-eabi/12.3.1/../../../../arm-none-eabi/lib/thumb/v7e-m+fp/hard\libm.a
END GROUP
START GROUP
LOAD C:/ST/STM32CubeIDE_1.16.0/STM32CubeIDE/plugins/com.st.stm32cube.ide.mcu.externaltools.gnu-tools-for-stm32.12.3.rel1.win32_1.0.200.202406191623/tools/bin/../lib/gcc/arm-none-eabi/12.3.1/thumb/v7e-m+fp/hard\libgcc.a
LOAD C:/ST/STM32CubeIDE_1.16.0/STM32CubeIDE/plugins/com.st.stm32cube.ide.mcu.externaltools.gnu-tools-for-stm32.12.3.rel1.win32_1.0.200.202406191623/tools/bin/../lib/gcc/arm-none-eabi/12.3.1/../../../../arm-none-eabi/lib/thumb/v7e-m+fp/hard\libc_nano.a
END GROUP
START GROUP
LOAD C:/ST/STM32CubeIDE_1.16.0/STM32CubeIDE/plugins/com.st.stm32cube.ide.mcu.externaltools.gnu-tools-for-stm32.12.3.rel1.win32_1.0.200.202406191623/tools/bin/../lib/gcc/arm-none-eabi/12.3.1/thumb/v7e-m+fp/hard\libgcc.a
LOAD C:/ST/STM32CubeIDE_1.16.0/STM32CubeIDE/plugins/com.st.stm32cube.ide.mcu.externaltools.gnu-tools-for-stm32.12.3.rel1.win32_1.0.200.202406191623/tools/bin/../lib/gcc/arm-none-eabi/12.3.1/../../../../arm-none-eabi/lib/thumb/v7e-m+fp/hard\libc_nano.a
LOAD C:/ST/STM32CubeIDE_1.16.0/STM32CubeIDE/plugins/com.st.stm32cube.ide.mcu.externaltools.gnu-tools-for-stm32.12.3.rel1.win32_1.0.200.202406191623/tools/bin/../lib/gcc/arm-none-eabi/12.3.1/../../../../arm-none-eabi/lib/thumb/v7e-m+fp/hard\libnosys.a
END GROUP
START GROUP
LOAD C:/ST/STM32CubeIDE_1.16.0/STM32CubeIDE/plugins/com.st.stm32cube.ide.mcu.externaltools.gnu-tools-for-stm32.12.3.rel1.win32_1.0.200.202406191623/tools/bin/../lib/gcc/arm-none-eabi/12.3.1/thumb/v7e-m+fp/hard\libgcc.a
LOAD C:/ST/STM32CubeIDE_1.16.0/STM32CubeIDE/plugins/com.st.stm32cube.ide.mcu.externaltools.gnu-tools-for-stm32.12.3.rel1.win32_1.0.200.202406191623/tools/bin/../lib/gcc/arm-none-eabi/12.3.1/../../../../arm-none-eabi/lib/thumb/v7e-m+fp/hard\libc_nano.a
LOAD C:/ST/STM32CubeIDE_1.16.0/STM32CubeIDE/plugins/com.st.stm32cube.ide.mcu.externaltools.gnu-tools-for-stm32.12.3.rel1.win32_1.0.200.202406191623/tools/bin/../lib/gcc/arm-none-eabi/12.3.1/../../../../arm-none-eabi/lib/thumb/v7e-m+fp/hard\libnosys.a
END GROUP
LOAD C:/ST/STM32CubeIDE_1.16.0/STM32CubeIDE/plugins/com.st.stm32cube.ide.mcu.externaltools.gnu-tools-for-stm32.12.3.rel1.win32_1.0.200.202406191623/tools/bin/../lib/gcc/arm-none-eabi/12.3.1/thumb/v7e-m+fp/hard/crtend.o
LOAD C:/ST/STM32CubeIDE_1.16.0/STM32CubeIDE/plugins/com.st.stm32cube.ide.mcu.externaltools.gnu-tools-for-stm32.12.3.rel1.win32_1.0.200.202406191623/tools/bin/../lib/gcc/arm-none-eabi/12.3.1/thumb/v7e-m+fp/hard/crtn.o
                0x20020000                        _estack = (ORIGIN (RAM) + LENGTH (RAM))
                0x00000200                        _Min_Heap_Size = 0x200
                0x00000400                        _Min_Stack_Size = 0x400

.isr_vector     0x08000000      0x1c4
                0x08000000                        . = ALIGN (0x4)
 *(.isr_vector)
 .isr_vector    0x08000000      0x1c4 ./Core/Startup/startup_stm32f446retx.o
                0x08000000                g_pfnVectors
                0x080001c4                        . = ALIGN (0x4)

.text           0x080001c4     0x4b5c
                0x080001c4                        . = ALIGN (0x4)
 *(.text)
 .text          0x080001c4       0x40 C:/ST/STM32CubeIDE_1.16.0/STM32CubeIDE/plugins/com.st.stm32cube.ide.mcu.externaltools.gnu-tools-for-stm32.12.3.rel1.win32_1.0.200.202406191623/tools/bin/../lib/gcc/arm-none-eabi/12.3.1/thumb/v7e-m+fp/hard/crtbegin.o
 .text          0x08000204       0x30 C:/ST/STM32CubeIDE_1.16.0/STM32CubeIDE/plugins/com.st.stm32cube.ide.mcu.externaltools.gnu-tools-for-stm32.12.3.rel1.win32_1.0.200.202406191623/tools/bin/../lib/gcc/arm-none-eabi/12.3.1/thumb/v7e-m+fp/hard\libgcc.a(_aeabi_uldivmod.o)
                0x08000204                __aeabi_uldivmod
 .text          0x08000234      0x2bc C:/ST/STM32CubeIDE_1.16.0/STM32CubeIDE/plugins/com.st.stm32cube.ide.mcu.externaltools.gnu-tools-for-stm32.12.3.rel1.win32_1.0.200.202406191623/tools/bin/../lib/gcc/arm-none-eabi/12.3.1/thumb/v7e-m+fp/hard\libgcc.a(_udivmoddi4.o)
                0x08000234                __udivmoddi4
 .text          0x080004f0        0x4 C:/ST/STM32CubeIDE_1.16.0/STM32CubeIDE/plugins/com.st.stm32cube.ide.mcu.externaltools.gnu-tools-for-stm32.12.3.rel1.win32_1.0.200.202406191623/tools/bin/../lib/gcc/arm-none-eabi/12.3.1/thumb/v7e-m+fp/hard\libgcc.a(_dvmd_tls.o)
                0x080004f0                __aeabi_idiv0
                0x080004f0                __aeabi_ldiv0
 *(.text*)
 .text.MX_ADC1_Init
                0x080004f4       0xf8 ./Core/Src/adc.o
                0x080004f4                MX_ADC1_Init
 .text.HAL_ADC_MspInit
                0x080005ec      0x100 ./Core/Src/adc.o
                0x080005ec                HAL_ADC_MspInit
 .text.__NVIC_GetPriorityGrouping
                0x080006ec       0x1c ./Core/Src/dma.o
 .text.__NVIC_EnableIRQ
                0x08000708       0x3c ./Core/Src/dma.o
 .text.__NVIC_SetPriority
                0x08000744       0x54 ./Core/Src/dma.o
 .text.NVIC_EncodePriority
                0x08000798       0x66 ./Core/Src/dma.o
 *fill*         0x080007fe        0x2 
 .text.MX_DMA_Init
                0x08000800       0x60 ./Core/Src/dma.o
                0x08000800                MX_DMA_Init
 .text.MX_GPIO_Init
                0x08000860      0x108 ./Core/Src/gpio.o
                0x08000860                MX_GPIO_Init
 .text.LL_USART_IsActiveFlag_TXE
                0x08000968       0x26 ./Core/Src/main.o
 .text.LL_USART_EnableIT_IDLE
                0x0800098e       0x46 ./Core/Src/main.o
 .text.LL_USART_EnableDMAReq_RX
                0x080009d4       0x46 ./Core/Src/main.o
 .text.LL_USART_TransmitData8
                0x08000a1a       0x1e ./Core/Src/main.o
 .text.LL_DMA_EnableStream
                0x08000a38       0x40 ./Core/Src/main.o
 .text.LL_DMA_SetDataLength
                0x08000a78       0x48 ./Core/Src/main.o
 .text.LL_DMA_SetMemoryAddress
                0x08000ac0       0x30 ./Core/Src/main.o
 .text.LL_DMA_SetPeriphAddress
                0x08000af0       0x30 ./Core/Src/main.o
 .text.main     0x08000b20       0xe0 ./Core/Src/main.o
                0x08000b20                main
 .text.SystemClock_Config
                0x08000c00       0xe4 ./Core/Src/main.o
                0x08000c00                SystemClock_Config
 .text.writePacket
                0x08000ce4       0x4c ./Core/Src/main.o
                0x08000ce4                writePacket
 .text.MX28_SetGoalPosition
                0x08000d30       0x80 ./Core/Src/main.o
                0x08000d30                MX28_SetGoalPosition
 .text.Error_Handler
                0x08000db0        0xc ./Core/Src/main.o
                0x08000db0                Error_Handler
 .text.HAL_MspInit
                0x08000dbc       0x50 ./Core/Src/stm32f4xx_hal_msp.o
                0x08000dbc                HAL_MspInit
 .text.LL_USART_IsActiveFlag_ORE
                0x08000e0c       0x26 ./Core/Src/stm32f4xx_it.o
 .text.LL_USART_IsActiveFlag_IDLE
                0x08000e32       0x26 ./Core/Src/stm32f4xx_it.o
 .text.LL_USART_ClearFlag_ORE
                0x08000e58       0x24 ./Core/Src/stm32f4xx_it.o
 .text.LL_USART_ClearFlag_IDLE
                0x08000e7c       0x24 ./Core/Src/stm32f4xx_it.o
 .text.LL_DMA_EnableStream
                0x08000ea0       0x40 ./Core/Src/stm32f4xx_it.o
 .text.LL_DMA_DisableStream
                0x08000ee0       0x40 ./Core/Src/stm32f4xx_it.o
 .text.LL_DMA_SetDataLength
                0x08000f20       0x48 ./Core/Src/stm32f4xx_it.o
 .text.LL_DMA_GetDataLength
                0x08000f68       0x2c ./Core/Src/stm32f4xx_it.o
 .text.NMI_Handler
                0x08000f94        0x8 ./Core/Src/stm32f4xx_it.o
                0x08000f94                NMI_Handler
 .text.HardFault_Handler
                0x08000f9c        0x8 ./Core/Src/stm32f4xx_it.o
                0x08000f9c                HardFault_Handler
 .text.MemManage_Handler
                0x08000fa4        0x8 ./Core/Src/stm32f4xx_it.o
                0x08000fa4                MemManage_Handler
 .text.BusFault_Handler
                0x08000fac        0x8 ./Core/Src/stm32f4xx_it.o
                0x08000fac                BusFault_Handler
 .text.UsageFault_Handler
                0x08000fb4        0x8 ./Core/Src/stm32f4xx_it.o
                0x08000fb4                UsageFault_Handler
 .text.SVC_Handler
                0x08000fbc        0xe ./Core/Src/stm32f4xx_it.o
                0x08000fbc                SVC_Handler
 .text.DebugMon_Handler
                0x08000fca        0xe ./Core/Src/stm32f4xx_it.o
                0x08000fca                DebugMon_Handler
 .text.PendSV_Handler
                0x08000fd8        0xe ./Core/Src/stm32f4xx_it.o
                0x08000fd8                PendSV_Handler
 .text.SysTick_Handler
                0x08000fe6        0xc ./Core/Src/stm32f4xx_it.o
                0x08000fe6                SysTick_Handler
 *fill*         0x08000ff2        0x2 
 .text.ADC_IRQHandler
                0x08000ff4       0x14 ./Core/Src/stm32f4xx_it.o
                0x08000ff4                ADC_IRQHandler
 .text.USART1_IRQHandler
                0x08001008       0x78 ./Core/Src/stm32f4xx_it.o
                0x08001008                USART1_IRQHandler
 .text.TIM8_UP_TIM13_IRQHandler
                0x08001080       0x14 ./Core/Src/stm32f4xx_it.o
                0x08001080                TIM8_UP_TIM13_IRQHandler
 .text.TIM6_DAC_IRQHandler
                0x08001094       0x14 ./Core/Src/stm32f4xx_it.o
                0x08001094                TIM6_DAC_IRQHandler
 .text.DMA2_Stream0_IRQHandler
                0x080010a8       0x14 ./Core/Src/stm32f4xx_it.o
                0x080010a8                DMA2_Stream0_IRQHandler
 .text.DMA2_Stream2_IRQHandler
                0x080010bc        0xe ./Core/Src/stm32f4xx_it.o
                0x080010bc                DMA2_Stream2_IRQHandler
 *fill*         0x080010ca        0x2 
 .text.SystemInit
                0x080010cc       0x24 ./Core/Src/system_stm32f4xx.o
                0x080010cc                SystemInit
 .text.MX_TIM6_Init
                0x080010f0       0x68 ./Core/Src/tim.o
                0x080010f0                MX_TIM6_Init
 .text.MX_TIM8_Init
                0x08001158       0xa0 ./Core/Src/tim.o
                0x08001158                MX_TIM8_Init
 .text.HAL_TIM_Base_MspInit
                0x080011f8       0x8c ./Core/Src/tim.o
                0x080011f8                HAL_TIM_Base_MspInit
 .text.__NVIC_GetPriorityGrouping
                0x08001284       0x1c ./Core/Src/usart.o
 .text.__NVIC_EnableIRQ
                0x080012a0       0x3c ./Core/Src/usart.o
 .text.__NVIC_SetPriority
                0x080012dc       0x54 ./Core/Src/usart.o
 .text.NVIC_EncodePriority
                0x08001330       0x66 ./Core/Src/usart.o
 .text.LL_USART_Enable
                0x08001396       0x20 ./Core/Src/usart.o
 .text.LL_USART_ConfigAsyncMode
                0x080013b6       0x2c ./Core/Src/usart.o
 *fill*         0x080013e2        0x2 
 .text.LL_AHB1_GRP1_EnableClock
                0x080013e4       0x30 ./Core/Src/usart.o
 .text.LL_APB2_GRP1_EnableClock
                0x08001414       0x30 ./Core/Src/usart.o
 .text.LL_DMA_SetDataTransferDirection
                0x08001444       0x48 ./Core/Src/usart.o
 .text.LL_DMA_SetMode
                0x0800148c       0x48 ./Core/Src/usart.o
 .text.LL_DMA_SetPeriphIncMode
                0x080014d4       0x48 ./Core/Src/usart.o
 .text.LL_DMA_SetMemoryIncMode
                0x0800151c       0x48 ./Core/Src/usart.o
 .text.LL_DMA_SetPeriphSize
                0x08001564       0x48 ./Core/Src/usart.o
 .text.LL_DMA_SetMemorySize
                0x080015ac       0x48 ./Core/Src/usart.o
 .text.LL_DMA_SetStreamPriorityLevel
                0x080015f4       0x48 ./Core/Src/usart.o
 .text.LL_DMA_SetChannelSelection
                0x0800163c       0x48 ./Core/Src/usart.o
 .text.LL_DMA_DisableFifoMode
                0x08001684       0x40 ./Core/Src/usart.o
 .text.MX_USART1_UART_Init
                0x080016c4      0x124 ./Core/Src/usart.o
                0x080016c4                MX_USART1_UART_Init
 .text.Reset_Handler
                0x080017e8       0x50 ./Core/Startup/startup_stm32f446retx.o
                0x080017e8                Reset_Handler
 .text.Default_Handler
                0x08001838        0x2 ./Core/Startup/startup_stm32f446retx.o
                0x08001838                RTC_Alarm_IRQHandler
                0x08001838                EXTI2_IRQHandler
                0x08001838                TIM8_CC_IRQHandler
                0x08001838                FMPI2C1_EV_IRQHandler
                0x08001838                SPI4_IRQHandler
                0x08001838                TIM1_CC_IRQHandler
                0x08001838                DMA2_Stream5_IRQHandler
                0x08001838                DMA1_Stream5_IRQHandler
                0x08001838                PVD_IRQHandler
                0x08001838                SDIO_IRQHandler
                0x08001838                TAMP_STAMP_IRQHandler
                0x08001838                CAN2_RX1_IRQHandler
                0x08001838                EXTI3_IRQHandler
                0x08001838                TIM8_TRG_COM_TIM14_IRQHandler
                0x08001838                TIM1_UP_TIM10_IRQHandler
                0x08001838                I2C3_ER_IRQHandler
                0x08001838                EXTI0_IRQHandler
                0x08001838                I2C2_EV_IRQHandler
                0x08001838                DMA1_Stream2_IRQHandler
                0x08001838                CAN1_RX0_IRQHandler
                0x08001838                FPU_IRQHandler
                0x08001838                OTG_HS_WKUP_IRQHandler
                0x08001838                CAN2_SCE_IRQHandler
                0x08001838                SPI1_IRQHandler
                0x08001838                TIM1_BRK_TIM9_IRQHandler
                0x08001838                DCMI_IRQHandler
                0x08001838                CAN2_RX0_IRQHandler
                0x08001838                DMA2_Stream3_IRQHandler
                0x08001838                SAI2_IRQHandler
                0x08001838                USART6_IRQHandler
                0x08001838                USART3_IRQHandler
                0x08001838                CAN1_RX1_IRQHandler
                0x08001838                UART5_IRQHandler
                0x08001838                TIM4_IRQHandler
                0x08001838                QUADSPI_IRQHandler
                0x08001838                I2C1_EV_IRQHandler
                0x08001838                DMA1_Stream6_IRQHandler
                0x08001838                DMA1_Stream1_IRQHandler
                0x08001838                UART4_IRQHandler
                0x08001838                TIM3_IRQHandler
                0x08001838                RCC_IRQHandler
                0x08001838                TIM8_BRK_TIM12_IRQHandler
                0x08001838                Default_Handler
                0x08001838                CEC_IRQHandler
                0x08001838                EXTI15_10_IRQHandler
                0x08001838                DMA1_Stream7_IRQHandler
                0x08001838                TIM7_IRQHandler
                0x08001838                CAN2_TX_IRQHandler
                0x08001838                TIM5_IRQHandler
                0x08001838                DMA2_Stream7_IRQHandler
                0x08001838                I2C3_EV_IRQHandler
                0x08001838                EXTI9_5_IRQHandler
                0x08001838                RTC_WKUP_IRQHandler
                0x08001838                SPDIF_RX_IRQHandler
                0x08001838                SPI2_IRQHandler
                0x08001838                OTG_HS_EP1_IN_IRQHandler
                0x08001838                DMA1_Stream0_IRQHandler
                0x08001838                CAN1_TX_IRQHandler
                0x08001838                FMPI2C1_ER_IRQHandler
                0x08001838                EXTI4_IRQHandler
                0x08001838                OTG_HS_EP1_OUT_IRQHandler
                0x08001838                WWDG_IRQHandler
                0x08001838                TIM2_IRQHandler
                0x08001838                OTG_FS_WKUP_IRQHandler
                0x08001838                TIM1_TRG_COM_TIM11_IRQHandler
                0x08001838                OTG_HS_IRQHandler
                0x08001838                EXTI1_IRQHandler
                0x08001838                USART2_IRQHandler
                0x08001838                I2C2_ER_IRQHandler
                0x08001838                DMA2_Stream1_IRQHandler
                0x08001838                CAN1_SCE_IRQHandler
                0x08001838                FLASH_IRQHandler
                0x08001838                DMA2_Stream4_IRQHandler
                0x08001838                OTG_FS_IRQHandler
                0x08001838                SPI3_IRQHandler
                0x08001838                DMA1_Stream4_IRQHandler
                0x08001838                I2C1_ER_IRQHandler
                0x08001838                FMC_IRQHandler
                0x08001838                DMA2_Stream6_IRQHandler
                0x08001838                SAI1_IRQHandler
                0x08001838                DMA1_Stream3_IRQHandler
 *fill*         0x0800183a        0x2 
 .text.HAL_Init
                0x0800183c       0x44 ./Drivers/STM32F4xx_HAL_Driver/Src/stm32f4xx_hal.o
                0x0800183c                HAL_Init
 .text.HAL_InitTick
                0x08001880       0x60 ./Drivers/STM32F4xx_HAL_Driver/Src/stm32f4xx_hal.o
                0x08001880                HAL_InitTick
 .text.HAL_IncTick
                0x080018e0       0x28 ./Drivers/STM32F4xx_HAL_Driver/Src/stm32f4xx_hal.o
                0x080018e0                HAL_IncTick
 .text.HAL_GetTick
                0x08001908       0x18 ./Drivers/STM32F4xx_HAL_Driver/Src/stm32f4xx_hal.o
                0x08001908                HAL_GetTick
 .text.HAL_Delay
                0x08001920       0x48 ./Drivers/STM32F4xx_HAL_Driver/Src/stm32f4xx_hal.o
                0x08001920                HAL_Delay
 .text.HAL_ADC_Init
                0x08001968       0x86 ./Drivers/STM32F4xx_HAL_Driver/Src/stm32f4xx_hal_adc.o
                0x08001968                HAL_ADC_Init
 .text.HAL_ADC_IRQHandler
                0x080019ee      0x220 ./Drivers/STM32F4xx_HAL_Driver/Src/stm32f4xx_hal_adc.o
                0x080019ee                HAL_ADC_IRQHandler
 .text.HAL_ADC_ConvCpltCallback
                0x08001c0e       0x14 ./Drivers/STM32F4xx_HAL_Driver/Src/stm32f4xx_hal_adc.o
                0x08001c0e                HAL_ADC_ConvCpltCallback
 .text.HAL_ADC_LevelOutOfWindowCallback
                0x08001c22       0x14 ./Drivers/STM32F4xx_HAL_Driver/Src/stm32f4xx_hal_adc.o
                0x08001c22                HAL_ADC_LevelOutOfWindowCallback
 .text.HAL_ADC_ErrorCallback
                0x08001c36       0x14 ./Drivers/STM32F4xx_HAL_Driver/Src/stm32f4xx_hal_adc.o
                0x08001c36                HAL_ADC_ErrorCallback
 *fill*         0x08001c4a        0x2 
 .text.HAL_ADC_ConfigChannel
                0x08001c4c      0x264 ./Drivers/STM32F4xx_HAL_Driver/Src/stm32f4xx_hal_adc.o
                0x08001c4c                HAL_ADC_ConfigChannel
 .text.ADC_Init
                0x08001eb0      0x1f8 ./Drivers/STM32F4xx_HAL_Driver/Src/stm32f4xx_hal_adc.o
 .text.HAL_ADCEx_InjectedConvCpltCallback
                0x080020a8       0x14 ./Drivers/STM32F4xx_HAL_Driver/Src/stm32f4xx_hal_adc_ex.o
                0x080020a8                HAL_ADCEx_InjectedConvCpltCallback
 .text.__NVIC_SetPriorityGrouping
                0x080020bc       0x48 ./Drivers/STM32F4xx_HAL_Driver/Src/stm32f4xx_hal_cortex.o
 .text.__NVIC_GetPriorityGrouping
                0x08002104       0x1c ./Drivers/STM32F4xx_HAL_Driver/Src/stm32f4xx_hal_cortex.o
 .text.__NVIC_EnableIRQ
                0x08002120       0x3c ./Drivers/STM32F4xx_HAL_Driver/Src/stm32f4xx_hal_cortex.o
 .text.__NVIC_SetPriority
                0x0800215c       0x54 ./Drivers/STM32F4xx_HAL_Driver/Src/stm32f4xx_hal_cortex.o
 .text.NVIC_EncodePriority
                0x080021b0       0x66 ./Drivers/STM32F4xx_HAL_Driver/Src/stm32f4xx_hal_cortex.o
 *fill*         0x08002216        0x2 
 .text.SysTick_Config
                0x08002218       0x44 ./Drivers/STM32F4xx_HAL_Driver/Src/stm32f4xx_hal_cortex.o
 .text.HAL_NVIC_SetPriorityGrouping
                0x0800225c       0x16 ./Drivers/STM32F4xx_HAL_Driver/Src/stm32f4xx_hal_cortex.o
                0x0800225c                HAL_NVIC_SetPriorityGrouping
 .text.HAL_NVIC_SetPriority
                0x08002272       0x38 ./Drivers/STM32F4xx_HAL_Driver/Src/stm32f4xx_hal_cortex.o
                0x08002272                HAL_NVIC_SetPriority
 .text.HAL_NVIC_EnableIRQ
                0x080022aa       0x1c ./Drivers/STM32F4xx_HAL_Driver/Src/stm32f4xx_hal_cortex.o
                0x080022aa                HAL_NVIC_EnableIRQ
 .text.HAL_SYSTICK_Config
                0x080022c6       0x18 ./Drivers/STM32F4xx_HAL_Driver/Src/stm32f4xx_hal_cortex.o
                0x080022c6                HAL_SYSTICK_Config
 *fill*         0x080022de        0x2 
 .text.HAL_DMA_Init
                0x080022e0      0x15c ./Drivers/STM32F4xx_HAL_Driver/Src/stm32f4xx_hal_dma.o
                0x080022e0                HAL_DMA_Init
 .text.HAL_DMA_IRQHandler
                0x0800243c      0x314 ./Drivers/STM32F4xx_HAL_Driver/Src/stm32f4xx_hal_dma.o
                0x0800243c                HAL_DMA_IRQHandler
 .text.DMA_CalcBaseAndBitshift
                0x08002750       0x6c ./Drivers/STM32F4xx_HAL_Driver/Src/stm32f4xx_hal_dma.o
 .text.DMA_CheckFifoParam
                0x080027bc       0xf8 ./Drivers/STM32F4xx_HAL_Driver/Src/stm32f4xx_hal_dma.o
 .text.HAL_GPIO_Init
                0x080028b4      0x328 ./Drivers/STM32F4xx_HAL_Driver/Src/stm32f4xx_hal_gpio.o
                0x080028b4                HAL_GPIO_Init
 .text.HAL_GPIO_ReadPin
                0x08002bdc       0x30 ./Drivers/STM32F4xx_HAL_Driver/Src/stm32f4xx_hal_gpio.o
                0x08002bdc                HAL_GPIO_ReadPin
 .text.HAL_GPIO_WritePin
                0x08002c0c       0x32 ./Drivers/STM32F4xx_HAL_Driver/Src/stm32f4xx_hal_gpio.o
                0x08002c0c                HAL_GPIO_WritePin
 *fill*         0x08002c3e        0x2 
 .text.HAL_PWREx_EnableOverDrive
                0x08002c40       0xa0 ./Drivers/STM32F4xx_HAL_Driver/Src/stm32f4xx_hal_pwr_ex.o
                0x08002c40                HAL_PWREx_EnableOverDrive
 .text.HAL_RCC_ClockConfig
                0x08002ce0      0x1cc ./Drivers/STM32F4xx_HAL_Driver/Src/stm32f4xx_hal_rcc.o
                0x08002ce0                HAL_RCC_ClockConfig
 .text.HAL_RCC_GetSysClockFreq
                0x08002eac      0x45c ./Drivers/STM32F4xx_HAL_Driver/Src/stm32f4xx_hal_rcc_ex.o
                0x08002eac                HAL_RCC_GetSysClockFreq
 .text.HAL_RCC_OscConfig
                0x08003308      0x53c ./Drivers/STM32F4xx_HAL_Driver/Src/stm32f4xx_hal_rcc_ex.o
                0x08003308                HAL_RCC_OscConfig
 .text.HAL_TIM_Base_Init
                0x08003844       0x9e ./Drivers/STM32F4xx_HAL_Driver/Src/stm32f4xx_hal_tim.o
                0x08003844                HAL_TIM_Base_Init
 .text.HAL_TIM_IRQHandler
                0x080038e2      0x1e0 ./Drivers/STM32F4xx_HAL_Driver/Src/stm32f4xx_hal_tim.o
                0x080038e2                HAL_TIM_IRQHandler
 .text.HAL_TIM_ConfigClockSource
                0x08003ac2      0x18e ./Drivers/STM32F4xx_HAL_Driver/Src/stm32f4xx_hal_tim.o
                0x08003ac2                HAL_TIM_ConfigClockSource
 .text.HAL_TIM_PeriodElapsedCallback
                0x08003c50       0x14 ./Drivers/STM32F4xx_HAL_Driver/Src/stm32f4xx_hal_tim.o
                0x08003c50                HAL_TIM_PeriodElapsedCallback
 .text.HAL_TIM_OC_DelayElapsedCallback
                0x08003c64       0x14 ./Drivers/STM32F4xx_HAL_Driver/Src/stm32f4xx_hal_tim.o
                0x08003c64                HAL_TIM_OC_DelayElapsedCallback
 .text.HAL_TIM_IC_CaptureCallback
                0x08003c78       0x14 ./Drivers/STM32F4xx_HAL_Driver/Src/stm32f4xx_hal_tim.o
                0x08003c78                HAL_TIM_IC_CaptureCallback
 .text.HAL_TIM_PWM_PulseFinishedCallback
                0x08003c8c       0x14 ./Drivers/STM32F4xx_HAL_Driver/Src/stm32f4xx_hal_tim.o
                0x08003c8c                HAL_TIM_PWM_PulseFinishedCallback
 .text.HAL_TIM_TriggerCallback
                0x08003ca0       0x14 ./Drivers/STM32F4xx_HAL_Driver/Src/stm32f4xx_hal_tim.o
                0x08003ca0                HAL_TIM_TriggerCallback
 .text.TIM_Base_SetConfig
                0x08003cb4      0x158 ./Drivers/STM32F4xx_HAL_Driver/Src/stm32f4xx_hal_tim.o
                0x08003cb4                TIM_Base_SetConfig
 .text.TIM_TI1_ConfigInputStage
                0x08003e0c       0x5e ./Drivers/STM32F4xx_HAL_Driver/Src/stm32f4xx_hal_tim.o
 .text.TIM_TI2_ConfigInputStage
                0x08003e6a       0x60 ./Drivers/STM32F4xx_HAL_Driver/Src/stm32f4xx_hal_tim.o
 .text.TIM_ITRx_SetConfig
                0x08003eca       0x36 ./Drivers/STM32F4xx_HAL_Driver/Src/stm32f4xx_hal_tim.o
 .text.TIM_ETR_SetConfig
                0x08003f00       0x40 ./Drivers/STM32F4xx_HAL_Driver/Src/stm32f4xx_hal_tim.o
                0x08003f00                TIM_ETR_SetConfig
 .text.HAL_TIMEx_MasterConfigSynchronization
                0x08003f40       0xf8 ./Drivers/STM32F4xx_HAL_Driver/Src/stm32f4xx_hal_tim_ex.o
                0x08003f40                HAL_TIMEx_MasterConfigSynchronization
 .text.HAL_TIMEx_CommutCallback
                0x08004038       0x14 ./Drivers/STM32F4xx_HAL_Driver/Src/stm32f4xx_hal_tim_ex.o
                0x08004038                HAL_TIMEx_CommutCallback
 .text.HAL_TIMEx_BreakCallback
                0x0800404c       0x14 ./Drivers/STM32F4xx_HAL_Driver/Src/stm32f4xx_hal_tim_ex.o
                0x0800404c                HAL_TIMEx_BreakCallback
 .text.LL_GPIO_SetPinMode
                0x08004060       0x7a ./Drivers/STM32F4xx_HAL_Driver/Src/stm32f4xx_ll_gpio.o
 .text.LL_GPIO_SetPinOutputType
                0x080040da       0x30 ./Drivers/STM32F4xx_HAL_Driver/Src/stm32f4xx_ll_gpio.o
 .text.LL_GPIO_SetPinSpeed
                0x0800410a       0x7a ./Drivers/STM32F4xx_HAL_Driver/Src/stm32f4xx_ll_gpio.o
 .text.LL_GPIO_SetPinPull
                0x08004184       0x7a ./Drivers/STM32F4xx_HAL_Driver/Src/stm32f4xx_ll_gpio.o
 .text.LL_GPIO_SetAFPin_0_7
                0x080041fe       0x7a ./Drivers/STM32F4xx_HAL_Driver/Src/stm32f4xx_ll_gpio.o
 .text.LL_GPIO_SetAFPin_8_15
                0x08004278       0x7e ./Drivers/STM32F4xx_HAL_Driver/Src/stm32f4xx_ll_gpio.o
 .text.LL_GPIO_Init
                0x080042f6      0x102 ./Drivers/STM32F4xx_HAL_Driver/Src/stm32f4xx_ll_gpio.o
                0x080042f6                LL_GPIO_Init
 .text.LL_RCC_GetSysClkSource
                0x080043f8       0x1c ./Drivers/STM32F4xx_HAL_Driver/Src/stm32f4xx_ll_rcc.o
 .text.LL_RCC_GetAHBPrescaler
                0x08004414       0x1c ./Drivers/STM32F4xx_HAL_Driver/Src/stm32f4xx_ll_rcc.o
 .text.LL_RCC_GetAPB1Prescaler
                0x08004430       0x1c ./Drivers/STM32F4xx_HAL_Driver/Src/stm32f4xx_ll_rcc.o
 .text.LL_RCC_GetAPB2Prescaler
                0x0800444c       0x1c ./Drivers/STM32F4xx_HAL_Driver/Src/stm32f4xx_ll_rcc.o
 .text.LL_RCC_PLL_GetMainSource
                0x08004468       0x1c ./Drivers/STM32F4xx_HAL_Driver/Src/stm32f4xx_ll_rcc.o
 .text.LL_RCC_PLL_GetN
                0x08004484       0x1c ./Drivers/STM32F4xx_HAL_Driver/Src/stm32f4xx_ll_rcc.o
 .text.LL_RCC_PLL_GetP
                0x080044a0       0x1c ./Drivers/STM32F4xx_HAL_Driver/Src/stm32f4xx_ll_rcc.o
 .text.LL_RCC_PLL_GetR
                0x080044bc       0x1c ./Drivers/STM32F4xx_HAL_Driver/Src/stm32f4xx_ll_rcc.o
 .text.LL_RCC_PLL_GetDivider
                0x080044d8       0x1c ./Drivers/STM32F4xx_HAL_Driver/Src/stm32f4xx_ll_rcc.o
 .text.LL_RCC_GetSystemClocksFreq
                0x080044f4       0x4a ./Drivers/STM32F4xx_HAL_Driver/Src/stm32f4xx_ll_rcc.o
                0x080044f4                LL_RCC_GetSystemClocksFreq
 *fill*         0x0800453e        0x2 
 .text.RCC_GetSystemClockFreq
                0x08004540       0x84 ./Drivers/STM32F4xx_HAL_Driver/Src/stm32f4xx_ll_rcc.o
                0x08004540                RCC_GetSystemClockFreq
 .text.RCC_GetHCLKClockFreq
                0x080045c4       0x2c ./Drivers/STM32F4xx_HAL_Driver/Src/stm32f4xx_ll_rcc.o
                0x080045c4                RCC_GetHCLKClockFreq
 .text.RCC_GetPCLK1ClockFreq
                0x080045f0       0x28 ./Drivers/STM32F4xx_HAL_Driver/Src/stm32f4xx_ll_rcc.o
                0x080045f0                RCC_GetPCLK1ClockFreq
 .text.RCC_GetPCLK2ClockFreq
                0x08004618       0x28 ./Drivers/STM32F4xx_HAL_Driver/Src/stm32f4xx_ll_rcc.o
                0x08004618                RCC_GetPCLK2ClockFreq
 .text.RCC_PLL_GetFreqDomain_SYS
                0x08004640       0xa0 ./Drivers/STM32F4xx_HAL_Driver/Src/stm32f4xx_ll_rcc.o
                0x08004640                RCC_PLL_GetFreqDomain_SYS
 .text.LL_USART_IsEnabled
                0x080046e0       0x28 ./Drivers/STM32F4xx_HAL_Driver/Src/stm32f4xx_ll_usart.o
 .text.LL_USART_SetStopBitsLength
                0x08004708       0x26 ./Drivers/STM32F4xx_HAL_Driver/Src/stm32f4xx_ll_usart.o
 .text.LL_USART_SetHWFlowCtrl
                0x0800472e       0x26 ./Drivers/STM32F4xx_HAL_Driver/Src/stm32f4xx_ll_usart.o
 .text.LL_USART_SetBaudRate
                0x08004754      0x45c ./Drivers/STM32F4xx_HAL_Driver/Src/stm32f4xx_ll_usart.o
 .text.LL_USART_Init
                0x08004bb0      0x100 ./Drivers/STM32F4xx_HAL_Driver/Src/stm32f4xx_ll_usart.o
                0x08004bb0                LL_USART_Init
 .text.memset   0x08004cb0       0x10 C:/ST/STM32CubeIDE_1.16.0/STM32CubeIDE/plugins/com.st.stm32cube.ide.mcu.externaltools.gnu-tools-for-stm32.12.3.rel1.win32_1.0.200.202406191623/tools/bin/../lib/gcc/arm-none-eabi/12.3.1/../../../../arm-none-eabi/lib/thumb/v7e-m+fp/hard\libc_nano.a(libc_a-memset.o)
                0x08004cb0                memset
 .text.__libc_init_array
                0x08004cc0       0x48 C:/ST/STM32CubeIDE_1.16.0/STM32CubeIDE/plugins/com.st.stm32cube.ide.mcu.externaltools.gnu-tools-for-stm32.12.3.rel1.win32_1.0.200.202406191623/tools/bin/../lib/gcc/arm-none-eabi/12.3.1/../../../../arm-none-eabi/lib/thumb/v7e-m+fp/hard\libc_nano.a(libc_a-init.o)
                0x08004cc0                __libc_init_array
 *(.glue_7)
 .glue_7        0x08004d08        0x0 linker stubs
 *(.glue_7t)
 .glue_7t       0x08004d08        0x0 linker stubs
 *(.eh_frame)
 .eh_frame      0x08004d08        0x0 C:/ST/STM32CubeIDE_1.16.0/STM32CubeIDE/plugins/com.st.stm32cube.ide.mcu.externaltools.gnu-tools-for-stm32.12.3.rel1.win32_1.0.200.202406191623/tools/bin/../lib/gcc/arm-none-eabi/12.3.1/thumb/v7e-m+fp/hard/crtbegin.o
 *(.init)
 .init          0x08004d08        0x4 C:/ST/STM32CubeIDE_1.16.0/STM32CubeIDE/plugins/com.st.stm32cube.ide.mcu.externaltools.gnu-tools-for-stm32.12.3.rel1.win32_1.0.200.202406191623/tools/bin/../lib/gcc/arm-none-eabi/12.3.1/thumb/v7e-m+fp/hard/crti.o
                0x08004d08                _init
 .init          0x08004d0c        0x8 C:/ST/STM32CubeIDE_1.16.0/STM32CubeIDE/plugins/com.st.stm32cube.ide.mcu.externaltools.gnu-tools-for-stm32.12.3.rel1.win32_1.0.200.202406191623/tools/bin/../lib/gcc/arm-none-eabi/12.3.1/thumb/v7e-m+fp/hard/crtn.o
 *(.fini)
 .fini          0x08004d14        0x4 C:/ST/STM32CubeIDE_1.16.0/STM32CubeIDE/plugins/com.st.stm32cube.ide.mcu.externaltools.gnu-tools-for-stm32.12.3.rel1.win32_1.0.200.202406191623/tools/bin/../lib/gcc/arm-none-eabi/12.3.1/thumb/v7e-m+fp/hard/crti.o
                0x08004d14                _fini
 .fini          0x08004d18        0x8 C:/ST/STM32CubeIDE_1.16.0/STM32CubeIDE/plugins/com.st.stm32cube.ide.mcu.externaltools.gnu-tools-for-stm32.12.3.rel1.win32_1.0.200.202406191623/tools/bin/../lib/gcc/arm-none-eabi/12.3.1/thumb/v7e-m+fp/hard/crtn.o
                0x08004d20                        . = ALIGN (0x4)
                0x08004d20                        _etext = .

.vfp11_veneer   0x08004d20        0x0
 .vfp11_veneer  0x08004d20        0x0 linker stubs

.v4_bx          0x08004d20        0x0
 .v4_bx         0x08004d20        0x0 linker stubs

.iplt           0x08004d20        0x0
 .iplt          0x08004d20        0x0 C:/ST/STM32CubeIDE_1.16.0/STM32CubeIDE/plugins/com.st.stm32cube.ide.mcu.externaltools.gnu-tools-for-stm32.12.3.rel1.win32_1.0.200.202406191623/tools/bin/../lib/gcc/arm-none-eabi/12.3.1/thumb/v7e-m+fp/hard/crtbegin.o

.rodata         0x08004d20       0x38
                0x08004d20                        . = ALIGN (0x4)
 *(.rodata)
 *(.rodata*)
 .rodata.STREAM_OFFSET_TAB
                0x08004d20        0x8 ./Core/Src/main.o
 .rodata.STREAM_OFFSET_TAB
                0x08004d28        0x8 ./Core/Src/stm32f4xx_it.o
 .rodata.AHBPrescTable
                0x08004d30       0x10 ./Core/Src/system_stm32f4xx.o
                0x08004d30                AHBPrescTable
 .rodata.APBPrescTable
                0x08004d40        0x8 ./Core/Src/system_stm32f4xx.o
                0x08004d40                APBPrescTable
 .rodata.STREAM_OFFSET_TAB
                0x08004d48        0x8 ./Core/Src/usart.o
 .rodata.flagBitshiftOffset.0
                0x08004d50        0x8 ./Drivers/STM32F4xx_HAL_Driver/Src/stm32f4xx_hal_dma.o
                0x08004d58                        . = ALIGN (0x4)

.ARM.extab      0x08004d58        0x0
                0x08004d58                        . = ALIGN (0x4)
 *(.ARM.extab* .gnu.linkonce.armextab.*)
                0x08004d58                        . = ALIGN (0x4)

.ARM            0x08004d58        0x8
                0x08004d58                        . = ALIGN (0x4)
                0x08004d58                        __exidx_start = .
 *(.ARM.exidx*)
 .ARM.exidx     0x08004d58        0x8 C:/ST/STM32CubeIDE_1.16.0/STM32CubeIDE/plugins/com.st.stm32cube.ide.mcu.externaltools.gnu-tools-for-stm32.12.3.rel1.win32_1.0.200.202406191623/tools/bin/../lib/gcc/arm-none-eabi/12.3.1/thumb/v7e-m+fp/hard\libgcc.a(_udivmoddi4.o)
                0x08004d60                        __exidx_end = .
                0x08004d60                        . = ALIGN (0x4)

.preinit_array  0x08004d60        0x0
                0x08004d60                        . = ALIGN (0x4)
                0x08004d60                        PROVIDE (__preinit_array_start = .)
 *(.preinit_array*)
                0x08004d60                        PROVIDE (__preinit_array_end = .)
                0x08004d60                        . = ALIGN (0x4)

.init_array     0x08004d60        0x4
                0x08004d60                        . = ALIGN (0x4)
                0x08004d60                        PROVIDE (__init_array_start = .)
 *(SORT_BY_NAME(.init_array.*))
 *(.init_array*)
 .init_array    0x08004d60        0x4 C:/ST/STM32CubeIDE_1.16.0/STM32CubeIDE/plugins/com.st.stm32cube.ide.mcu.externaltools.gnu-tools-for-stm32.12.3.rel1.win32_1.0.200.202406191623/tools/bin/../lib/gcc/arm-none-eabi/12.3.1/thumb/v7e-m+fp/hard/crtbegin.o
                0x08004d64                        PROVIDE (__init_array_end = .)
                0x08004d64                        . = ALIGN (0x4)

.fini_array     0x08004d64        0x4
                0x08004d64                        . = ALIGN (0x4)
                [!provide]                        PROVIDE (__fini_array_start = .)
 *(SORT_BY_NAME(.fini_array.*))
 *(.fini_array*)
 .fini_array    0x08004d64        0x4 C:/ST/STM32CubeIDE_1.16.0/STM32CubeIDE/plugins/com.st.stm32cube.ide.mcu.externaltools.gnu-tools-for-stm32.12.3.rel1.win32_1.0.200.202406191623/tools/bin/../lib/gcc/arm-none-eabi/12.3.1/thumb/v7e-m+fp/hard/crtbegin.o
                [!provide]                        PROVIDE (__fini_array_end = .)
                0x08004d68                        . = ALIGN (0x4)
                0x08004d68                        _sidata = LOADADDR (.data)

.rel.dyn        0x08004d68        0x0
 .rel.iplt      0x08004d68        0x0 C:/ST/STM32CubeIDE_1.16.0/STM32CubeIDE/plugins/com.st.stm32cube.ide.mcu.externaltools.gnu-tools-for-stm32.12.3.rel1.win32_1.0.200.202406191623/tools/bin/../lib/gcc/arm-none-eabi/12.3.1/thumb/v7e-m+fp/hard/crtbegin.o

.data           0x20000000        0xc load address 0x08004d68
                0x20000000                        . = ALIGN (0x4)
                0x20000000                        _sdata = .
 *(.data)
 *(.data*)
 .data.SystemCoreClock
                0x20000000        0x4 ./Core/Src/system_stm32f4xx.o
                0x20000000                SystemCoreClock
 .data.uwTickPrio
                0x20000004        0x4 ./Drivers/STM32F4xx_HAL_Driver/Src/stm32f4xx_hal.o
                0x20000004                uwTickPrio
 .data.uwTickFreq
                0x20000008        0x1 ./Drivers/STM32F4xx_HAL_Driver/Src/stm32f4xx_hal.o
                0x20000008                uwTickFreq
 *(.RamFunc)
 *(.RamFunc*)
                0x2000000c                        . = ALIGN (0x4)
 *fill*         0x20000009        0x3 
                0x2000000c                        _edata = .

.igot.plt       0x2000000c        0x0 load address 0x08004d74
 .igot.plt      0x2000000c        0x0 C:/ST/STM32CubeIDE_1.16.0/STM32CubeIDE/plugins/com.st.stm32cube.ide.mcu.externaltools.gnu-tools-for-stm32.12.3.rel1.win32_1.0.200.202406191623/tools/bin/../lib/gcc/arm-none-eabi/12.3.1/thumb/v7e-m+fp/hard/crtbegin.o
                0x2000000c                        . = ALIGN (0x4)

.bss            0x2000000c      0x25c load address 0x08004d74
                0x2000000c                        _sbss = .
                0x2000000c                        __bss_start__ = _sbss
 *(.bss)
 .bss           0x2000000c       0x1c C:/ST/STM32CubeIDE_1.16.0/STM32CubeIDE/plugins/com.st.stm32cube.ide.mcu.externaltools.gnu-tools-for-stm32.12.3.rel1.win32_1.0.200.202406191623/tools/bin/../lib/gcc/arm-none-eabi/12.3.1/thumb/v7e-m+fp/hard/crtbegin.o
 *(.bss*)
 .bss.hadc1     0x20000028       0x48 ./Core/Src/adc.o
                0x20000028                hadc1
 .bss.hdma_adc1
                0x20000070       0x60 ./Core/Src/adc.o
                0x20000070                hdma_adc1
 .bss.PCrxBuffer
                0x200000d0      0x100 ./Core/Src/main.o
                0x200000d0                PCrxBuffer
 .bss.DMAl      0x200001d0        0x1 ./Core/Src/stm32f4xx_it.o
                0x200001d0                DMAl
 *fill*         0x200001d1        0x3 
 .bss.htim6     0x200001d4       0x48 ./Core/Src/tim.o
                0x200001d4                htim6
 .bss.htim8     0x2000021c       0x48 ./Core/Src/tim.o
                0x2000021c                htim8
 .bss.uwTick    0x20000264        0x4 ./Drivers/STM32F4xx_HAL_Driver/Src/stm32f4xx_hal.o
                0x20000264                uwTick
 *(COMMON)
                0x20000268                        . = ALIGN (0x4)
                0x20000268                        _ebss = .
                0x20000268                        __bss_end__ = _ebss

._user_heap_stack
                0x20000268      0x600 load address 0x08004d74
                0x20000268                        . = ALIGN (0x8)
                [!provide]                        PROVIDE (end = .)
                0x20000268                        PROVIDE (_end = .)
                0x20000468                        . = (. + _Min_Heap_Size)
 *fill*         0x20000268      0x200 
                0x20000868                        . = (. + _Min_Stack_Size)
 *fill*         0x20000468      0x400 
                0x20000868                        . = ALIGN (0x8)

/DISCARD/
 libc.a(*)
 libm.a(*)
 libgcc.a(*)

.ARM.attributes
                0x00000000       0x30
 *(.ARM.attributes)
 .ARM.attributes
                0x00000000       0x22 C:/ST/STM32CubeIDE_1.16.0/STM32CubeIDE/plugins/com.st.stm32cube.ide.mcu.externaltools.gnu-tools-for-stm32.12.3.rel1.win32_1.0.200.202406191623/tools/bin/../lib/gcc/arm-none-eabi/12.3.1/thumb/v7e-m+fp/hard/crti.o
 .ARM.attributes
                0x00000022       0x34 C:/ST/STM32CubeIDE_1.16.0/STM32CubeIDE/plugins/com.st.stm32cube.ide.mcu.externaltools.gnu-tools-for-stm32.12.3.rel1.win32_1.0.200.202406191623/tools/bin/../lib/gcc/arm-none-eabi/12.3.1/thumb/v7e-m+fp/hard/crtbegin.o
 .ARM.attributes
                0x00000056       0x34 ./Core/Src/adc.o
 .ARM.attributes
                0x0000008a       0x34 ./Core/Src/dma.o
 .ARM.attributes
                0x000000be       0x34 ./Core/Src/gpio.o
 .ARM.attributes
                0x000000f2       0x34 ./Core/Src/main.o
 .ARM.attributes
                0x00000126       0x34 ./Core/Src/stm32f4xx_hal_msp.o
 .ARM.attributes
                0x0000015a       0x34 ./Core/Src/stm32f4xx_it.o
 .ARM.attributes
                0x0000018e       0x34 ./Core/Src/system_stm32f4xx.o
 .ARM.attributes
                0x000001c2       0x34 ./Core/Src/tim.o
 .ARM.attributes
                0x000001f6       0x34 ./Core/Src/usart.o
 .ARM.attributes
                0x0000022a       0x21 ./Core/Startup/startup_stm32f446retx.o
 .ARM.attributes
                0x0000024b       0x34 ./Drivers/STM32F4xx_HAL_Driver/Src/stm32f4xx_hal.o
 .ARM.attributes
                0x0000027f       0x34 ./Drivers/STM32F4xx_HAL_Driver/Src/stm32f4xx_hal_adc.o
 .ARM.attributes
                0x000002b3       0x34 ./Drivers/STM32F4xx_HAL_Driver/Src/stm32f4xx_hal_adc_ex.o
 .ARM.attributes
                0x000002e7       0x34 ./Drivers/STM32F4xx_HAL_Driver/Src/stm32f4xx_hal_cortex.o
 .ARM.attributes
                0x0000031b       0x34 ./Drivers/STM32F4xx_HAL_Driver/Src/stm32f4xx_hal_dma.o
 .ARM.attributes
                0x0000034f       0x34 ./Drivers/STM32F4xx_HAL_Driver/Src/stm32f4xx_hal_gpio.o
 .ARM.attributes
                0x00000383       0x34 ./Drivers/STM32F4xx_HAL_Driver/Src/stm32f4xx_hal_pwr_ex.o
 .ARM.attributes
                0x000003b7       0x34 ./Drivers/STM32F4xx_HAL_Driver/Src/stm32f4xx_hal_rcc.o
 .ARM.attributes
                0x000003eb       0x34 ./Drivers/STM32F4xx_HAL_Driver/Src/stm32f4xx_hal_rcc_ex.o
 .ARM.attributes
                0x0000041f       0x34 ./Drivers/STM32F4xx_HAL_Driver/Src/stm32f4xx_hal_tim.o
 .ARM.attributes
                0x00000453       0x34 ./Drivers/STM32F4xx_HAL_Driver/Src/stm32f4xx_hal_tim_ex.o
 .ARM.attributes
                0x00000487       0x34 ./Drivers/STM32F4xx_HAL_Driver/Src/stm32f4xx_ll_gpio.o
 .ARM.attributes
                0x000004bb       0x34 ./Drivers/STM32F4xx_HAL_Driver/Src/stm32f4xx_ll_rcc.o
 .ARM.attributes
                0x000004ef       0x34 ./Drivers/STM32F4xx_HAL_Driver/Src/stm32f4xx_ll_usart.o
 .ARM.attributes
                0x00000523       0x34 C:/ST/STM32CubeIDE_1.16.0/STM32CubeIDE/plugins/com.st.stm32cube.ide.mcu.externaltools.gnu-tools-for-stm32.12.3.rel1.win32_1.0.200.202406191623/tools/bin/../lib/gcc/arm-none-eabi/12.3.1/../../../../arm-none-eabi/lib/thumb/v7e-m+fp/hard\libc_nano.a(libc_a-memset.o)
 .ARM.attributes
                0x00000557       0x34 C:/ST/STM32CubeIDE_1.16.0/STM32CubeIDE/plugins/com.st.stm32cube.ide.mcu.externaltools.gnu-tools-for-stm32.12.3.rel1.win32_1.0.200.202406191623/tools/bin/../lib/gcc/arm-none-eabi/12.3.1/../../../../arm-none-eabi/lib/thumb/v7e-m+fp/hard\libc_nano.a(libc_a-init.o)
 .ARM.attributes
                0x0000058b       0x22 C:/ST/STM32CubeIDE_1.16.0/STM32CubeIDE/plugins/com.st.stm32cube.ide.mcu.externaltools.gnu-tools-for-stm32.12.3.rel1.win32_1.0.200.202406191623/tools/bin/../lib/gcc/arm-none-eabi/12.3.1/thumb/v7e-m+fp/hard\libgcc.a(_aeabi_uldivmod.o)
 .ARM.attributes
                0x000005ad       0x34 C:/ST/STM32CubeIDE_1.16.0/STM32CubeIDE/plugins/com.st.stm32cube.ide.mcu.externaltools.gnu-tools-for-stm32.12.3.rel1.win32_1.0.200.202406191623/tools/bin/../lib/gcc/arm-none-eabi/12.3.1/thumb/v7e-m+fp/hard\libgcc.a(_udivmoddi4.o)
 .ARM.attributes
                0x000005e1       0x22 C:/ST/STM32CubeIDE_1.16.0/STM32CubeIDE/plugins/com.st.stm32cube.ide.mcu.externaltools.gnu-tools-for-stm32.12.3.rel1.win32_1.0.200.202406191623/tools/bin/../lib/gcc/arm-none-eabi/12.3.1/thumb/v7e-m+fp/hard\libgcc.a(_dvmd_tls.o)
 .ARM.attributes
                0x00000603       0x22 C:/ST/STM32CubeIDE_1.16.0/STM32CubeIDE/plugins/com.st.stm32cube.ide.mcu.externaltools.gnu-tools-for-stm32.12.3.rel1.win32_1.0.200.202406191623/tools/bin/../lib/gcc/arm-none-eabi/12.3.1/thumb/v7e-m+fp/hard/crtn.o
OUTPUT(9-3_2.elf elf32-littlearm)
LOAD linker stubs
LOAD C:/ST/STM32CubeIDE_1.16.0/STM32CubeIDE/plugins/com.st.stm32cube.ide.mcu.externaltools.gnu-tools-for-stm32.12.3.rel1.win32_1.0.200.202406191623/tools/bin/../lib/gcc/arm-none-eabi/12.3.1/../../../../arm-none-eabi/lib/thumb/v7e-m+fp/hard\libc.a
LOAD C:/ST/STM32CubeIDE_1.16.0/STM32CubeIDE/plugins/com.st.stm32cube.ide.mcu.externaltools.gnu-tools-for-stm32.12.3.rel1.win32_1.0.200.202406191623/tools/bin/../lib/gcc/arm-none-eabi/12.3.1/../../../../arm-none-eabi/lib/thumb/v7e-m+fp/hard\libm.a
LOAD C:/ST/STM32CubeIDE_1.16.0/STM32CubeIDE/plugins/com.st.stm32cube.ide.mcu.externaltools.gnu-tools-for-stm32.12.3.rel1.win32_1.0.200.202406191623/tools/bin/../lib/gcc/arm-none-eabi/12.3.1/thumb/v7e-m+fp/hard\libgcc.a

.debug_info     0x00000000    0x10ac0
 .debug_info    0x00000000      0xcdd ./Core/Src/adc.o
 .debug_info    0x00000cdd      0x95d ./Core/Src/dma.o
 .debug_info    0x0000163a      0x484 ./Core/Src/gpio.o
 .debug_info    0x00001abe      0xb24 ./Core/Src/main.o
 .debug_info    0x000025e2      0x2f4 ./Core/Src/stm32f4xx_hal_msp.o
 .debug_info    0x000028d6      0xcc1 ./Core/Src/stm32f4xx_it.o
 .debug_info    0x00003597      0x54a ./Core/Src/system_stm32f4xx.o
 .debug_info    0x00003ae1      0xcf3 ./Core/Src/tim.o
 .debug_info    0x000047d4      0xf87 ./Core/Src/usart.o
 .debug_info    0x0000575b       0x30 ./Core/Startup/startup_stm32f446retx.o
 .debug_info    0x0000578b      0x99a ./Drivers/STM32F4xx_HAL_Driver/Src/stm32f4xx_hal.o
 .debug_info    0x00006125      0xcd4 ./Drivers/STM32F4xx_HAL_Driver/Src/stm32f4xx_hal_adc.o
 .debug_info    0x00006df9      0xb59 ./Drivers/STM32F4xx_HAL_Driver/Src/stm32f4xx_hal_adc_ex.o
 .debug_info    0x00007952      0xd75 ./Drivers/STM32F4xx_HAL_Driver/Src/stm32f4xx_hal_cortex.o
 .debug_info    0x000086c7      0x8e7 ./Drivers/STM32F4xx_HAL_Driver/Src/stm32f4xx_hal_dma.o
 .debug_info    0x00008fae      0x70b ./Drivers/STM32F4xx_HAL_Driver/Src/stm32f4xx_hal_gpio.o
 .debug_info    0x000096b9      0x6da ./Drivers/STM32F4xx_HAL_Driver/Src/stm32f4xx_hal_pwr_ex.o
 .debug_info    0x00009d93      0x8ed ./Drivers/STM32F4xx_HAL_Driver/Src/stm32f4xx_hal_rcc.o
 .debug_info    0x0000a680      0x956 ./Drivers/STM32F4xx_HAL_Driver/Src/stm32f4xx_hal_rcc_ex.o
 .debug_info    0x0000afd6     0x299d ./Drivers/STM32F4xx_HAL_Driver/Src/stm32f4xx_hal_tim.o
 .debug_info    0x0000d973     0x14db ./Drivers/STM32F4xx_HAL_Driver/Src/stm32f4xx_hal_tim_ex.o
 .debug_info    0x0000ee4e      0x957 ./Drivers/STM32F4xx_HAL_Driver/Src/stm32f4xx_ll_gpio.o
 .debug_info    0x0000f7a5      0xbf9 ./Drivers/STM32F4xx_HAL_Driver/Src/stm32f4xx_ll_rcc.o
 .debug_info    0x0001039e      0x722 ./Drivers/STM32F4xx_HAL_Driver/Src/stm32f4xx_ll_usart.o

.debug_abbrev   0x00000000     0x312f
 .debug_abbrev  0x00000000      0x229 ./Core/Src/adc.o
 .debug_abbrev  0x00000229      0x1c4 ./Core/Src/dma.o
 .debug_abbrev  0x000003ed      0x157 ./Core/Src/gpio.o
 .debug_abbrev  0x00000544      0x333 ./Core/Src/main.o
 .debug_abbrev  0x00000877       0xf9 ./Core/Src/stm32f4xx_hal_msp.o
 .debug_abbrev  0x00000970      0x2ae ./Core/Src/stm32f4xx_it.o
 .debug_abbrev  0x00000c1e      0x11a ./Core/Src/system_stm32f4xx.o
 .debug_abbrev  0x00000d38      0x205 ./Core/Src/tim.o
 .debug_abbrev  0x00000f3d      0x1f7 ./Core/Src/usart.o
 .debug_abbrev  0x00001134       0x24 ./Core/Startup/startup_stm32f446retx.o
 .debug_abbrev  0x00001158      0x214 ./Drivers/STM32F4xx_HAL_Driver/Src/stm32f4xx_hal.o
 .debug_abbrev  0x0000136c      0x252 ./Drivers/STM32F4xx_HAL_Driver/Src/stm32f4xx_hal_adc.o
 .debug_abbrev  0x000015be      0x270 ./Drivers/STM32F4xx_HAL_Driver/Src/stm32f4xx_hal_adc_ex.o
 .debug_abbrev  0x0000182e      0x328 ./Drivers/STM32F4xx_HAL_Driver/Src/stm32f4xx_hal_cortex.o
 .debug_abbrev  0x00001b56      0x264 ./Drivers/STM32F4xx_HAL_Driver/Src/stm32f4xx_hal_dma.o
 .debug_abbrev  0x00001dba      0x1d4 ./Drivers/STM32F4xx_HAL_Driver/Src/stm32f4xx_hal_gpio.o
 .debug_abbrev  0x00001f8e      0x1cf ./Drivers/STM32F4xx_HAL_Driver/Src/stm32f4xx_hal_pwr_ex.o
 .debug_abbrev  0x0000215d      0x2b6 ./Drivers/STM32F4xx_HAL_Driver/Src/stm32f4xx_hal_rcc.o
 .debug_abbrev  0x00002413      0x20a ./Drivers/STM32F4xx_HAL_Driver/Src/stm32f4xx_hal_rcc_ex.o
 .debug_abbrev  0x0000261d      0x278 ./Drivers/STM32F4xx_HAL_Driver/Src/stm32f4xx_hal_tim.o
 .debug_abbrev  0x00002895      0x283 ./Drivers/STM32F4xx_HAL_Driver/Src/stm32f4xx_hal_tim_ex.o
 .debug_abbrev  0x00002b18      0x237 ./Drivers/STM32F4xx_HAL_Driver/Src/stm32f4xx_ll_gpio.o
 .debug_abbrev  0x00002d4f      0x1ee ./Drivers/STM32F4xx_HAL_Driver/Src/stm32f4xx_ll_rcc.o
 .debug_abbrev  0x00002f3d      0x1f2 ./Drivers/STM32F4xx_HAL_Driver/Src/stm32f4xx_ll_usart.o

.debug_aranges  0x00000000     0x1130
 .debug_aranges
                0x00000000       0x30 ./Core/Src/adc.o
 .debug_aranges
                0x00000030       0x40 ./Core/Src/dma.o
 .debug_aranges
                0x00000070       0x20 ./Core/Src/gpio.o
 .debug_aranges
                0x00000090       0x80 ./Core/Src/main.o
 .debug_aranges
                0x00000110       0x20 ./Core/Src/stm32f4xx_hal_msp.o
 .debug_aranges
                0x00000130       0xd0 ./Core/Src/stm32f4xx_it.o
 .debug_aranges
                0x00000200       0x28 ./Core/Src/system_stm32f4xx.o
 .debug_aranges
                0x00000228       0x38 ./Core/Src/tim.o
 .debug_aranges
                0x00000260       0xa8 ./Core/Src/usart.o
 .debug_aranges
                0x00000308       0x28 ./Core/Startup/startup_stm32f446retx.o
 .debug_aranges
                0x00000330       0xf0 ./Drivers/STM32F4xx_HAL_Driver/Src/stm32f4xx_hal.o
 .debug_aranges
                0x00000420       0xe8 ./Drivers/STM32F4xx_HAL_Driver/Src/stm32f4xx_hal_adc.o
 .debug_aranges
                0x00000508       0x90 ./Drivers/STM32F4xx_HAL_Driver/Src/stm32f4xx_hal_adc_ex.o
 .debug_aranges
                0x00000598      0x120 ./Drivers/STM32F4xx_HAL_Driver/Src/stm32f4xx_hal_cortex.o
 .debug_aranges
                0x000006b8       0x90 ./Drivers/STM32F4xx_HAL_Driver/Src/stm32f4xx_hal_dma.o
 .debug_aranges
                0x00000748       0x58 ./Drivers/STM32F4xx_HAL_Driver/Src/stm32f4xx_hal_gpio.o
 .debug_aranges
                0x000007a0       0x60 ./Drivers/STM32F4xx_HAL_Driver/Src/stm32f4xx_hal_pwr_ex.o
 .debug_aranges
                0x00000800       0x88 ./Drivers/STM32F4xx_HAL_Driver/Src/stm32f4xx_hal_rcc.o
 .debug_aranges
                0x00000888       0x78 ./Drivers/STM32F4xx_HAL_Driver/Src/stm32f4xx_hal_rcc_ex.o
 .debug_aranges
                0x00000900      0x3d0 ./Drivers/STM32F4xx_HAL_Driver/Src/stm32f4xx_hal_tim.o
 .debug_aranges
                0x00000cd0      0x168 ./Drivers/STM32F4xx_HAL_Driver/Src/stm32f4xx_hal_tim_ex.o
 .debug_aranges
                0x00000e38       0x70 ./Drivers/STM32F4xx_HAL_Driver/Src/stm32f4xx_ll_gpio.o
 .debug_aranges
                0x00000ea8      0x200 ./Drivers/STM32F4xx_HAL_Driver/Src/stm32f4xx_ll_rcc.o
 .debug_aranges
                0x000010a8       0x88 ./Drivers/STM32F4xx_HAL_Driver/Src/stm32f4xx_ll_usart.o

.debug_rnglists
                0x00000000      0xd13
 .debug_rnglists
                0x00000000       0x21 ./Core/Src/adc.o
 .debug_rnglists
                0x00000021       0x2b ./Core/Src/dma.o
 .debug_rnglists
                0x0000004c       0x14 ./Core/Src/gpio.o
 .debug_rnglists
                0x00000060       0x5e ./Core/Src/main.o
 .debug_rnglists
                0x000000be       0x13 ./Core/Src/stm32f4xx_hal_msp.o
 .debug_rnglists
                0x000000d1       0x97 ./Core/Src/stm32f4xx_it.o
 .debug_rnglists
                0x00000168       0x1a ./Core/Src/system_stm32f4xx.o
 .debug_rnglists
                0x00000182       0x27 ./Core/Src/tim.o
 .debug_rnglists
                0x000001a9       0x7a ./Core/Src/usart.o
 .debug_rnglists
                0x00000223       0x19 ./Core/Startup/startup_stm32f446retx.o
 .debug_rnglists
                0x0000023c       0xaf ./Drivers/STM32F4xx_HAL_Driver/Src/stm32f4xx_hal.o
 .debug_rnglists
                0x000002eb       0xb5 ./Drivers/STM32F4xx_HAL_Driver/Src/stm32f4xx_hal_adc.o
 .debug_rnglists
                0x000003a0       0x71 ./Drivers/STM32F4xx_HAL_Driver/Src/stm32f4xx_hal_adc_ex.o
 .debug_rnglists
                0x00000411       0xd4 ./Drivers/STM32F4xx_HAL_Driver/Src/stm32f4xx_hal_cortex.o
 .debug_rnglists
                0x000004e5       0x70 ./Drivers/STM32F4xx_HAL_Driver/Src/stm32f4xx_hal_dma.o
 .debug_rnglists
                0x00000555       0x3f ./Drivers/STM32F4xx_HAL_Driver/Src/stm32f4xx_hal_gpio.o
 .debug_rnglists
                0x00000594       0x47 ./Drivers/STM32F4xx_HAL_Driver/Src/stm32f4xx_hal_pwr_ex.o
 .debug_rnglists
                0x000005db       0x66 ./Drivers/STM32F4xx_HAL_Driver/Src/stm32f4xx_hal_rcc.o
 .debug_rnglists
                0x00000641       0x5e ./Drivers/STM32F4xx_HAL_Driver/Src/stm32f4xx_hal_rcc_ex.o
 .debug_rnglists
                0x0000069f      0x31a ./Drivers/STM32F4xx_HAL_Driver/Src/stm32f4xx_hal_tim.o
 .debug_rnglists
                0x000009b9      0x125 ./Drivers/STM32F4xx_HAL_Driver/Src/stm32f4xx_hal_tim_ex.o
 .debug_rnglists
                0x00000ade       0x51 ./Drivers/STM32F4xx_HAL_Driver/Src/stm32f4xx_ll_gpio.o
 .debug_rnglists
                0x00000b2f      0x180 ./Drivers/STM32F4xx_HAL_Driver/Src/stm32f4xx_ll_rcc.o
 .debug_rnglists
                0x00000caf       0x64 ./Drivers/STM32F4xx_HAL_Driver/Src/stm32f4xx_ll_usart.o

.debug_macro    0x00000000    0x26336
 .debug_macro   0x00000000      0x25a ./Core/Src/adc.o
 .debug_macro   0x0000025a      0xaba ./Core/Src/adc.o
 .debug_macro   0x00000d14      0x29b ./Core/Src/adc.o
 .debug_macro   0x00000faf       0x2e ./Core/Src/adc.o
 .debug_macro   0x00000fdd       0x28 ./Core/Src/adc.o
 .debug_macro   0x00001005       0x22 ./Core/Src/adc.o
 .debug_macro   0x00001027       0x8e ./Core/Src/adc.o
 .debug_macro   0x000010b5       0x51 ./Core/Src/adc.o
 .debug_macro   0x00001106      0x103 ./Core/Src/adc.o
 .debug_macro   0x00001209       0x6a ./Core/Src/adc.o
 .debug_macro   0x00001273      0x1df ./Core/Src/adc.o
 .debug_macro   0x00001452       0x1c ./Core/Src/adc.o
 .debug_macro   0x0000146e       0x22 ./Core/Src/adc.o
 .debug_macro   0x00001490       0xfb ./Core/Src/adc.o
 .debug_macro   0x0000158b     0x1011 ./Core/Src/adc.o
 .debug_macro   0x0000259c      0x11f ./Core/Src/adc.o
 .debug_macro   0x000026bb    0x16749 ./Core/Src/adc.o
 .debug_macro   0x00018e04       0x6d ./Core/Src/adc.o
 .debug_macro   0x00018e71     0x368c ./Core/Src/adc.o
 .debug_macro   0x0001c4fd      0x189 ./Core/Src/adc.o
 .debug_macro   0x0001c686       0x5c ./Core/Src/adc.o
 .debug_macro   0x0001c6e2      0xca5 ./Core/Src/adc.o
 .debug_macro   0x0001d387      0x9e9 ./Core/Src/adc.o
 .debug_macro   0x0001dd70      0x115 ./Core/Src/adc.o
 .debug_macro   0x0001de85      0x1a0 ./Core/Src/adc.o
 .debug_macro   0x0001e025       0xa5 ./Core/Src/adc.o
 .debug_macro   0x0001e0ca      0x16d ./Core/Src/adc.o
 .debug_macro   0x0001e237      0x287 ./Core/Src/adc.o
 .debug_macro   0x0001e4be       0x5f ./Core/Src/adc.o
 .debug_macro   0x0001e51d      0x236 ./Core/Src/adc.o
 .debug_macro   0x0001e753      0xb5b ./Core/Src/adc.o
 .debug_macro   0x0001f2ae      0x38b ./Core/Src/adc.o
 .debug_macro   0x0001f639      0x17d ./Core/Src/adc.o
 .debug_macro   0x0001f7b6       0xf9 ./Core/Src/adc.o
 .debug_macro   0x0001f8af      0x132 ./Core/Src/adc.o
 .debug_macro   0x0001f9e1      0x29c ./Core/Src/adc.o
 .debug_macro   0x0001fc7d       0x2e ./Core/Src/adc.o
 .debug_macro   0x0001fcab      0x127 ./Core/Src/adc.o
 .debug_macro   0x0001fdd2       0xe8 ./Core/Src/adc.o
 .debug_macro   0x0001feba       0x89 ./Core/Src/adc.o
 .debug_macro   0x0001ff43      0x8ed ./Core/Src/adc.o
 .debug_macro   0x00020830       0x53 ./Core/Src/adc.o
 .debug_macro   0x00020883      0x126 ./Core/Src/adc.o
 .debug_macro   0x000209a9      0x1bb ./Core/Src/adc.o
 .debug_macro   0x00020b64      0xd69 ./Core/Src/adc.o
 .debug_macro   0x000218cd      0x1db ./Core/Src/adc.o
 .debug_macro   0x00021aa8      0x1a6 ./Core/Src/adc.o
 .debug_macro   0x00021c4e      0x21c ./Core/Src/adc.o
 .debug_macro   0x00021e6a       0x61 ./Core/Src/adc.o
 .debug_macro   0x00021ecb       0xd5 ./Core/Src/adc.o
 .debug_macro   0x00021fa0      0x149 ./Core/Src/adc.o
 .debug_macro   0x000220e9      0x1e6 ./Core/Src/adc.o
 .debug_macro   0x000222cf       0xe8 ./Core/Src/adc.o
 .debug_macro   0x000223b7      0x25a ./Core/Src/dma.o
 .debug_macro   0x00022611      0x25a ./Core/Src/gpio.o
 .debug_macro   0x0002286b      0x29e ./Core/Src/main.o
 .debug_macro   0x00022b09      0x250 ./Core/Src/stm32f4xx_hal_msp.o
 .debug_macro   0x00022d59      0x260 ./Core/Src/stm32f4xx_it.o
 .debug_macro   0x00022fb9      0x1ec ./Core/Src/system_stm32f4xx.o
 .debug_macro   0x000231a5      0x25a ./Core/Src/tim.o
 .debug_macro   0x000233ff      0x25a ./Core/Src/usart.o
 .debug_macro   0x00023659      0x24c ./Drivers/STM32F4xx_HAL_Driver/Src/stm32f4xx_hal.o
 .debug_macro   0x000238a5      0x1ed ./Drivers/STM32F4xx_HAL_Driver/Src/stm32f4xx_hal_adc.o
 .debug_macro   0x00023a92      0x1ec ./Drivers/STM32F4xx_HAL_Driver/Src/stm32f4xx_hal_adc_ex.o
 .debug_macro   0x00023c7e      0x1ec ./Drivers/STM32F4xx_HAL_Driver/Src/stm32f4xx_hal_cortex.o
 .debug_macro   0x00023e6a      0x1f2 ./Drivers/STM32F4xx_HAL_Driver/Src/stm32f4xx_hal_dma.o
 .debug_macro   0x0002405c      0x1f2 ./Drivers/STM32F4xx_HAL_Driver/Src/stm32f4xx_hal_gpio.o
 .debug_macro   0x0002424e      0x204 ./Drivers/STM32F4xx_HAL_Driver/Src/stm32f4xx_hal_pwr_ex.o
 .debug_macro   0x00024452      0x210 ./Drivers/STM32F4xx_HAL_Driver/Src/stm32f4xx_hal_rcc.o
 .debug_macro   0x00024662      0x1ec ./Drivers/STM32F4xx_HAL_Driver/Src/stm32f4xx_hal_rcc_ex.o
 .debug_macro   0x0002484e      0x1ed ./Drivers/STM32F4xx_HAL_Driver/Src/stm32f4xx_hal_tim.o
 .debug_macro   0x00024a3b      0x1ec ./Drivers/STM32F4xx_HAL_Driver/Src/stm32f4xx_hal_tim_ex.o
 .debug_macro   0x00024c27      0x22e ./Drivers/STM32F4xx_HAL_Driver/Src/stm32f4xx_ll_gpio.o
 .debug_macro   0x00024e55      0x143 ./Drivers/STM32F4xx_HAL_Driver/Src/stm32f4xx_ll_gpio.o
 .debug_macro   0x00024f98      0x22b ./Drivers/STM32F4xx_HAL_Driver/Src/stm32f4xx_ll_rcc.o
 .debug_macro   0x000251c3      0xd63 ./Drivers/STM32F4xx_HAL_Driver/Src/stm32f4xx_ll_rcc.o
 .debug_macro   0x00025f26      0x25b ./Drivers/STM32F4xx_HAL_Driver/Src/stm32f4xx_ll_usart.o
 .debug_macro   0x00026181      0x1b5 ./Drivers/STM32F4xx_HAL_Driver/Src/stm32f4xx_ll_usart.o

.debug_line     0x00000000    0x15095
 .debug_line    0x00000000      0x93c ./Core/Src/adc.o
 .debug_line    0x0000093c      0x949 ./Core/Src/dma.o
 .debug_line    0x00001285      0x88d ./Core/Src/gpio.o
 .debug_line    0x00001b12      0xb2c ./Core/Src/main.o
 .debug_line    0x0000263e      0x867 ./Core/Src/stm32f4xx_hal_msp.o
 .debug_line    0x00002ea5      0xac5 ./Core/Src/stm32f4xx_it.o
 .debug_line    0x0000396a      0x802 ./Core/Src/system_stm32f4xx.o
 .debug_line    0x0000416c      0x936 ./Core/Src/tim.o
 .debug_line    0x00004aa2      0xaf8 ./Core/Src/usart.o
 .debug_line    0x0000559a       0x7a ./Core/Startup/startup_stm32f446retx.o
 .debug_line    0x00005614      0xa6b ./Drivers/STM32F4xx_HAL_Driver/Src/stm32f4xx_hal.o
 .debug_line    0x0000607f     0x12ff ./Drivers/STM32F4xx_HAL_Driver/Src/stm32f4xx_hal_adc.o
 .debug_line    0x0000737e      0xf67 ./Drivers/STM32F4xx_HAL_Driver/Src/stm32f4xx_hal_adc_ex.o
 .debug_line    0x000082e5      0xd33 ./Drivers/STM32F4xx_HAL_Driver/Src/stm32f4xx_hal_cortex.o
 .debug_line    0x00009018      0xfdb ./Drivers/STM32F4xx_HAL_Driver/Src/stm32f4xx_hal_dma.o
 .debug_line    0x00009ff3      0xbe3 ./Drivers/STM32F4xx_HAL_Driver/Src/stm32f4xx_hal_gpio.o
 .debug_line    0x0000abd6      0x994 ./Drivers/STM32F4xx_HAL_Driver/Src/stm32f4xx_hal_pwr_ex.o
 .debug_line    0x0000b56a      0xdea ./Drivers/STM32F4xx_HAL_Driver/Src/stm32f4xx_hal_rcc.o
 .debug_line    0x0000c354     0x1489 ./Drivers/STM32F4xx_HAL_Driver/Src/stm32f4xx_hal_rcc_ex.o
 .debug_line    0x0000d7dd     0x380f ./Drivers/STM32F4xx_HAL_Driver/Src/stm32f4xx_hal_tim.o
 .debug_line    0x00010fec     0x1a61 ./Drivers/STM32F4xx_HAL_Driver/Src/stm32f4xx_hal_tim_ex.o
 .debug_line    0x00012a4d      0xac1 ./Drivers/STM32F4xx_HAL_Driver/Src/stm32f4xx_ll_gpio.o
 .debug_line    0x0001350e     0x119d ./Drivers/STM32F4xx_HAL_Driver/Src/stm32f4xx_ll_rcc.o
 .debug_line    0x000146ab      0x9ea ./Drivers/STM32F4xx_HAL_Driver/Src/stm32f4xx_ll_usart.o

.debug_str      0x00000000    0xe8f15
 .debug_str     0x00000000    0xe3e13 ./Core/Src/adc.o
                              0xe4553 (size before relaxing)
 .debug_str     0x000e3e13      0x10f ./Core/Src/dma.o
                              0xe4127 (size before relaxing)
 .debug_str     0x000e3f22       0x68 ./Core/Src/gpio.o
                              0xe3b46 (size before relaxing)
 .debug_str     0x000e3f8a      0x389 ./Core/Src/main.o
                              0xe3f54 (size before relaxing)
 .debug_str     0x000e4313       0x49 ./Core/Src/stm32f4xx_hal_msp.o
                              0xe3a98 (size before relaxing)
 .debug_str     0x000e435c      0x479 ./Core/Src/stm32f4xx_it.o
                              0xe428f (size before relaxing)
 .debug_str     0x000e47d5       0x87 ./Core/Src/system_stm32f4xx.o
                              0xd3eb2 (size before relaxing)
 .debug_str     0x000e485c      0x12d ./Core/Src/tim.o
                              0xe46a4 (size before relaxing)
 .debug_str     0x000e4989      0x1fa ./Core/Src/usart.o
                              0xe440b (size before relaxing)
 .debug_str     0x000e4b83       0x44 ./Core/Startup/startup_stm32f446retx.o
                                 0x7d (size before relaxing)
 .debug_str     0x000e4bc7      0x5eb ./Drivers/STM32F4xx_HAL_Driver/Src/stm32f4xx_hal.o
                              0xd4a77 (size before relaxing)
 .debug_str     0x000e51b2      0x2c5 ./Drivers/STM32F4xx_HAL_Driver/Src/stm32f4xx_hal_adc.o
                              0xd447a (size before relaxing)
 .debug_str     0x000e5477      0x2df ./Drivers/STM32F4xx_HAL_Driver/Src/stm32f4xx_hal_adc_ex.o
                              0xd44ce (size before relaxing)
 .debug_str     0x000e5756      0x2a1 ./Drivers/STM32F4xx_HAL_Driver/Src/stm32f4xx_hal_cortex.o
                              0xd479c (size before relaxing)
 .debug_str     0x000e59f7      0x2c5 ./Drivers/STM32F4xx_HAL_Driver/Src/stm32f4xx_hal_dma.o
                              0xd42a7 (size before relaxing)
 .debug_str     0x000e5cbc      0x110 ./Drivers/STM32F4xx_HAL_Driver/Src/stm32f4xx_hal_gpio.o
                              0xd402d (size before relaxing)
 .debug_str     0x000e5dcc      0x135 ./Drivers/STM32F4xx_HAL_Driver/Src/stm32f4xx_hal_pwr_ex.o
                              0xd408a (size before relaxing)
 .debug_str     0x000e5f01      0x233 ./Drivers/STM32F4xx_HAL_Driver/Src/stm32f4xx_hal_rcc.o
                              0xd42eb (size before relaxing)
 .debug_str     0x000e6134      0x312 ./Drivers/STM32F4xx_HAL_Driver/Src/stm32f4xx_hal_rcc_ex.o
                              0xd431e (size before relaxing)
 .debug_str     0x000e6446      0xdd8 ./Drivers/STM32F4xx_HAL_Driver/Src/stm32f4xx_hal_tim.o
                              0xd5217 (size before relaxing)
 .debug_str     0x000e721e      0x493 ./Drivers/STM32F4xx_HAL_Driver/Src/stm32f4xx_hal_tim_ex.o
                              0xd4a23 (size before relaxing)
 .debug_str     0x000e76b1      0x665 ./Drivers/STM32F4xx_HAL_Driver/Src/stm32f4xx_ll_gpio.o
                              0xd5898 (size before relaxing)
 .debug_str     0x000e7d16      0x9e3 ./Drivers/STM32F4xx_HAL_Driver/Src/stm32f4xx_ll_rcc.o
                              0xde3a1 (size before relaxing)
 .debug_str     0x000e86f9      0x81c ./Drivers/STM32F4xx_HAL_Driver/Src/stm32f4xx_ll_usart.o
                              0xdfd38 (size before relaxing)

.comment        0x00000000       0x43
 .comment       0x00000000       0x43 ./Core/Src/adc.o
                                 0x44 (size before relaxing)
 .comment       0x00000043       0x44 ./Core/Src/dma.o
 .comment       0x00000043       0x44 ./Core/Src/gpio.o
 .comment       0x00000043       0x44 ./Core/Src/main.o
 .comment       0x00000043       0x44 ./Core/Src/stm32f4xx_hal_msp.o
 .comment       0x00000043       0x44 ./Core/Src/stm32f4xx_it.o
 .comment       0x00000043       0x44 ./Core/Src/system_stm32f4xx.o
 .comment       0x00000043       0x44 ./Core/Src/tim.o
 .comment       0x00000043       0x44 ./Core/Src/usart.o
 .comment       0x00000043       0x44 ./Drivers/STM32F4xx_HAL_Driver/Src/stm32f4xx_hal.o
 .comment       0x00000043       0x44 ./Drivers/STM32F4xx_HAL_Driver/Src/stm32f4xx_hal_adc.o
 .comment       0x00000043       0x44 ./Drivers/STM32F4xx_HAL_Driver/Src/stm32f4xx_hal_adc_ex.o
 .comment       0x00000043       0x44 ./Drivers/STM32F4xx_HAL_Driver/Src/stm32f4xx_hal_cortex.o
 .comment       0x00000043       0x44 ./Drivers/STM32F4xx_HAL_Driver/Src/stm32f4xx_hal_dma.o
 .comment       0x00000043       0x44 ./Drivers/STM32F4xx_HAL_Driver/Src/stm32f4xx_hal_gpio.o
 .comment       0x00000043       0x44 ./Drivers/STM32F4xx_HAL_Driver/Src/stm32f4xx_hal_pwr_ex.o
 .comment       0x00000043       0x44 ./Drivers/STM32F4xx_HAL_Driver/Src/stm32f4xx_hal_rcc.o
 .comment       0x00000043       0x44 ./Drivers/STM32F4xx_HAL_Driver/Src/stm32f4xx_hal_rcc_ex.o
 .comment       0x00000043       0x44 ./Drivers/STM32F4xx_HAL_Driver/Src/stm32f4xx_hal_tim.o
 .comment       0x00000043       0x44 ./Drivers/STM32F4xx_HAL_Driver/Src/stm32f4xx_hal_tim_ex.o
 .comment       0x00000043       0x44 ./Drivers/STM32F4xx_HAL_Driver/Src/stm32f4xx_ll_gpio.o
 .comment       0x00000043       0x44 ./Drivers/STM32F4xx_HAL_Driver/Src/stm32f4xx_ll_rcc.o
 .comment       0x00000043       0x44 ./Drivers/STM32F4xx_HAL_Driver/Src/stm32f4xx_ll_usart.o

.debug_frame    0x00000000     0x46c0
 .debug_frame   0x00000000       0x7c ./Core/Src/adc.o
 .debug_frame   0x0000007c       0xcc ./Core/Src/dma.o
 .debug_frame   0x00000148       0x34 ./Core/Src/gpio.o
 .debug_frame   0x0000017c      0x1f0 ./Core/Src/main.o
 .debug_frame   0x0000036c       0x34 ./Core/Src/stm32f4xx_hal_msp.o
 .debug_frame   0x000003a0      0x2f8 ./Core/Src/stm32f4xx_it.o
 .debug_frame   0x00000698       0x58 ./Core/Src/system_stm32f4xx.o
 .debug_frame   0x000006f0       0xa0 ./Core/Src/tim.o
 .debug_frame   0x00000790      0x2d4 ./Core/Src/usart.o
 .debug_frame   0x00000a64      0x374 ./Drivers/STM32F4xx_HAL_Driver/Src/stm32f4xx_hal.o
 .debug_frame   0x00000dd8      0x3fc ./Drivers/STM32F4xx_HAL_Driver/Src/stm32f4xx_hal_adc.o
 .debug_frame   0x000011d4      0x250 ./Drivers/STM32F4xx_HAL_Driver/Src/stm32f4xx_hal_adc_ex.o
 .debug_frame   0x00001424      0x4b8 ./Drivers/STM32F4xx_HAL_Driver/Src/stm32f4xx_hal_cortex.o
 .debug_frame   0x000018dc      0x250 ./Drivers/STM32F4xx_HAL_Driver/Src/stm32f4xx_hal_dma.o
 .debug_frame   0x00001b2c      0x14c ./Drivers/STM32F4xx_HAL_Driver/Src/stm32f4xx_hal_gpio.o
 .debug_frame   0x00001c78      0x14c ./Drivers/STM32F4xx_HAL_Driver/Src/stm32f4xx_hal_pwr_ex.o
 .debug_frame   0x00001dc4      0x1f4 ./Drivers/STM32F4xx_HAL_Driver/Src/stm32f4xx_hal_rcc.o
 .debug_frame   0x00001fb8      0x1e8 ./Drivers/STM32F4xx_HAL_Driver/Src/stm32f4xx_hal_rcc_ex.o
 .debug_frame   0x000021a0     0x11c0 ./Drivers/STM32F4xx_HAL_Driver/Src/stm32f4xx_hal_tim.o
 .debug_frame   0x00003360      0x638 ./Drivers/STM32F4xx_HAL_Driver/Src/stm32f4xx_hal_tim_ex.o
 .debug_frame   0x00003998      0x1c0 ./Drivers/STM32F4xx_HAL_Driver/Src/stm32f4xx_ll_gpio.o
 .debug_frame   0x00003b58      0x87c ./Drivers/STM32F4xx_HAL_Driver/Src/stm32f4xx_ll_rcc.o
 .debug_frame   0x000043d4      0x240 ./Drivers/STM32F4xx_HAL_Driver/Src/stm32f4xx_ll_usart.o
 .debug_frame   0x00004614       0x20 C:/ST/STM32CubeIDE_1.16.0/STM32CubeIDE/plugins/com.st.stm32cube.ide.mcu.externaltools.gnu-tools-for-stm32.12.3.rel1.win32_1.0.200.202406191623/tools/bin/../lib/gcc/arm-none-eabi/12.3.1/../../../../arm-none-eabi/lib/thumb/v7e-m+fp/hard\libc_nano.a(libc_a-memset.o)
 .debug_frame   0x00004634       0x2c C:/ST/STM32CubeIDE_1.16.0/STM32CubeIDE/plugins/com.st.stm32cube.ide.mcu.externaltools.gnu-tools-for-stm32.12.3.rel1.win32_1.0.200.202406191623/tools/bin/../lib/gcc/arm-none-eabi/12.3.1/../../../../arm-none-eabi/lib/thumb/v7e-m+fp/hard\libc_nano.a(libc_a-init.o)
 .debug_frame   0x00004660       0x2c C:/ST/STM32CubeIDE_1.16.0/STM32CubeIDE/plugins/com.st.stm32cube.ide.mcu.externaltools.gnu-tools-for-stm32.12.3.rel1.win32_1.0.200.202406191623/tools/bin/../lib/gcc/arm-none-eabi/12.3.1/thumb/v7e-m+fp/hard\libgcc.a(_aeabi_uldivmod.o)
 .debug_frame   0x0000468c       0x34 C:/ST/STM32CubeIDE_1.16.0/STM32CubeIDE/plugins/com.st.stm32cube.ide.mcu.externaltools.gnu-tools-for-stm32.12.3.rel1.win32_1.0.200.202406191623/tools/bin/../lib/gcc/arm-none-eabi/12.3.1/thumb/v7e-m+fp/hard\libgcc.a(_udivmoddi4.o)

.debug_line_str
                0x00000000       0x61
 .debug_line_str
                0x00000000       0x61 ./Core/Startup/startup_stm32f446retx.o
